#! /c/iverilog/bin/vvp
:ivl_version "0.9.7 " "(v0_9_7)";
:vpi_time_precision - 12;
:vpi_module "system";
:vpi_module "v2005_math";
:vpi_module "va_math";
S_011B9198 .scope module, "DUT" "DUT" 2 2;
 .timescale -9 -12;
v011F0CA8_0 .net "Z", 15 0, v011B4108_0; 1 drivers
v011F0780_0 .var "addr", 7 0;
v011F0BA0_0 .var "clk1", 0 0;
v011F0BF8_0 .var "clk2", 0 0;
v011F0E08_0 .var "func", 3 0;
v011F0A98_0 .var/i "k", 31 0;
v011F0AF0_0 .var "rd", 3 0;
v011F0C50_0 .var "rs1", 3 0;
v011F07D8_0 .var "rs2", 3 0;
v011F0938_0 .var "wr", 0 0;
S_011B8918 .scope module, "P1" "pipe_ex2" 2 8, 3 2, S_011B9198;
 .timescale -9 -12;
P_011E4264 .param/l "ADD" 3 11, C4<0000>;
P_011E4278 .param/l "AND" 3 12, C4<0101>;
P_011E428C .param/l "MUL" 3 11, C4<0010>;
P_011E42A0 .param/l "NEGA" 3 12, C4<1000>;
P_011E42B4 .param/l "NEGB" 3 12, C4<1001>;
P_011E42C8 .param/l "OR" 3 12, C4<0110>;
P_011E42DC .param/l "SELA" 3 11, C4<0011>;
P_011E42F0 .param/l "SELB" 3 12, C4<0100>;
P_011E4304 .param/l "SLA" 3 13, C4<1011>;
P_011E4318 .param/l "SRA" 3 13, C4<1010>;
P_011E432C .param/l "SUB" 3 11, C4<0001>;
P_011E4340 .param/l "XOR" 3 12, C4<0111>;
v011BA880_0 .var "A", 15 0;
v011E2078_0 .var "B", 15 0;
v011B3450_0 .var "L12addr", 7 0;
v011B3C80_0 .var "L12f", 3 0;
v011B1590_0 .var "L12rd", 3 0;
v011B15E8_0 .var "L12wr", 0 0;
v011B1640_0 .var "L23Z", 15 0;
v011BE2A8_0 .var "L23addr", 7 0;
v011BE300_0 .var "L23rd", 3 0;
v011BE358_0 .var "L23wr", 0 0;
v011B4108_0 .var "L34Z", 15 0;
v011B4160_0 .var "L34addr", 7 0;
v011B41B8_0 .var "L34wr", 0 0;
v011B4210 .array "R", 0 15, 15 0;
v011B4268_0 .alias "Z", 15 0, v011F0CA8_0;
v011B42C0_0 .net "addr", 7 0, v011F0780_0; 1 drivers
v011F0E60_0 .net "clk1", 0 0, v011F0BA0_0; 1 drivers
v011F0728_0 .net "clk2", 0 0, v011F0BF8_0; 1 drivers
v011F0D58_0 .net "func", 3 0, v011F0E08_0; 1 drivers
v011F0DB0 .array "mem", 0 255, 15 0;
v011F0B48_0 .net "rd", 3 0, v011F0AF0_0; 1 drivers
v011F0888_0 .net "rs1", 3 0, v011F0C50_0; 1 drivers
v011F0D00_0 .net "rs2", 3 0, v011F07D8_0; 1 drivers
v011F08E0_0 .net "wr", 0 0, v011F0938_0; 1 drivers
E_011E2748 .event posedge, v011F0728_0;
E_011E2808 .event posedge, v011F0E60_0;
    .scope S_011B8918;
T_0 ;
    %wait E_011E2808;
    %ix/getv 3, v011F0888_0;
    %load/av 8, v011B4210, 16;
    %ix/load 0, 16, 0;
    %assign/v0 v011BA880_0, 2000, 8;
    %ix/getv 3, v011F0D00_0;
    %load/av 8, v011B4210, 16;
    %ix/load 0, 16, 0;
    %assign/v0 v011E2078_0, 2000, 8;
    %load/v 8, v011F0D58_0, 4;
    %ix/load 0, 4, 0;
    %assign/v0 v011B3C80_0, 2000, 8;
    %load/v 8, v011F0B48_0, 4;
    %ix/load 0, 4, 0;
    %assign/v0 v011B1590_0, 2000, 8;
    %load/v 8, v011B42C0_0, 8;
    %ix/load 0, 8, 0;
    %assign/v0 v011B3450_0, 2000, 8;
    %load/v 8, v011F08E0_0, 1;
    %ix/load 0, 1, 0;
    %assign/v0 v011B15E8_0, 2000, 8;
    %jmp T_0;
    .thread T_0;
    .scope S_011B8918;
T_1 ;
    %wait E_011E2748;
    %load/v 8, v011B3C80_0, 4;
    %cmpi/u 8, 0, 4;
    %jmp/1 T_1.0, 6;
    %cmpi/u 8, 1, 4;
    %jmp/1 T_1.1, 6;
    %cmpi/u 8, 2, 4;
    %jmp/1 T_1.2, 6;
    %cmpi/u 8, 3, 4;
    %jmp/1 T_1.3, 6;
    %cmpi/u 8, 4, 4;
    %jmp/1 T_1.4, 6;
    %cmpi/u 8, 5, 4;
    %jmp/1 T_1.5, 6;
    %cmpi/u 8, 6, 4;
    %jmp/1 T_1.6, 6;
    %cmpi/u 8, 7, 4;
    %jmp/1 T_1.7, 6;
    %cmpi/u 8, 8, 4;
    %jmp/1 T_1.8, 6;
    %cmpi/u 8, 9, 4;
    %jmp/1 T_1.9, 6;
    %cmpi/u 8, 10, 4;
    %jmp/1 T_1.10, 6;
    %cmpi/u 8, 11, 4;
    %jmp/1 T_1.11, 6;
    %jmp T_1.12;
T_1.0 ;
    %load/v 8, v011BA880_0, 16;
    %load/v 24, v011E2078_0, 16;
    %add 8, 24, 16;
    %ix/load 0, 16, 0;
    %assign/v0 v011B1640_0, 2000, 8;
    %jmp T_1.12;
T_1.1 ;
    %load/v 8, v011BA880_0, 16;
    %load/v 24, v011E2078_0, 16;
    %sub 8, 24, 16;
    %ix/load 0, 16, 0;
    %assign/v0 v011B1640_0, 2000, 8;
    %jmp T_1.12;
T_1.2 ;
    %load/v 8, v011BA880_0, 16;
    %load/v 24, v011E2078_0, 16;
    %mul 8, 24, 16;
    %ix/load 0, 16, 0;
    %assign/v0 v011B1640_0, 2000, 8;
    %jmp T_1.12;
T_1.3 ;
    %load/v 8, v011BA880_0, 16;
    %ix/load 0, 16, 0;
    %assign/v0 v011B1640_0, 2000, 8;
    %jmp T_1.12;
T_1.4 ;
    %load/v 8, v011E2078_0, 16;
    %ix/load 0, 16, 0;
    %assign/v0 v011B1640_0, 2000, 8;
    %jmp T_1.12;
T_1.5 ;
    %load/v 8, v011BA880_0, 16;
    %load/v 24, v011E2078_0, 16;
    %and 8, 24, 16;
    %ix/load 0, 16, 0;
    %assign/v0 v011B1640_0, 2000, 8;
    %jmp T_1.12;
T_1.6 ;
    %load/v 8, v011BA880_0, 16;
    %load/v 24, v011E2078_0, 16;
    %or 8, 24, 16;
    %ix/load 0, 16, 0;
    %assign/v0 v011B1640_0, 2000, 8;
    %jmp T_1.12;
T_1.7 ;
    %load/v 8, v011BA880_0, 16;
    %load/v 24, v011E2078_0, 16;
    %xor 8, 24, 16;
    %ix/load 0, 16, 0;
    %assign/v0 v011B1640_0, 2000, 8;
    %jmp T_1.12;
T_1.8 ;
    %load/v 8, v011BA880_0, 16;
    %inv 8, 16;
    %ix/load 0, 16, 0;
    %assign/v0 v011B1640_0, 2000, 8;
    %jmp T_1.12;
T_1.9 ;
    %load/v 8, v011E2078_0, 16;
    %inv 8, 16;
    %ix/load 0, 16, 0;
    %assign/v0 v011B1640_0, 2000, 8;
    %jmp T_1.12;
T_1.10 ;
    %load/v 8, v011BA880_0, 16;
    %ix/load 0, 1, 0;
    %mov 4, 0, 1;
    %shiftr/i0  8, 16;
    %ix/load 0, 16, 0;
    %assign/v0 v011B1640_0, 2000, 8;
    %jmp T_1.12;
T_1.11 ;
    %load/v 8, v011BA880_0, 16;
    %ix/load 0, 1, 0;
    %mov 4, 0, 1;
    %shiftl/i0  8, 16;
    %ix/load 0, 16, 0;
    %assign/v0 v011B1640_0, 2000, 8;
    %jmp T_1.12;
T_1.12 ;
    %load/v 8, v011B1590_0, 4;
    %ix/load 0, 4, 0;
    %assign/v0 v011BE300_0, 2000, 8;
    %load/v 8, v011B3450_0, 8;
    %ix/load 0, 8, 0;
    %assign/v0 v011BE2A8_0, 2000, 8;
    %load/v 8, v011B15E8_0, 1;
    %ix/load 0, 1, 0;
    %assign/v0 v011BE358_0, 2000, 8;
    %jmp T_1;
    .thread T_1;
    .scope S_011B8918;
T_2 ;
    %wait E_011E2808;
    %load/v 8, v011B1640_0, 16;
    %ix/getv 3, v011BE300_0;
    %jmp/1 t_0, 4;
    %ix/load 0, 16, 0; word width
    %ix/load 1, 0, 0; part off
    %assign/av v011B4210, 2000, 8;
t_0 ;
    %load/v 8, v011B1640_0, 16;
    %ix/load 0, 16, 0;
    %assign/v0 v011B4108_0, 2000, 8;
    %load/v 8, v011BE2A8_0, 8;
    %ix/load 0, 8, 0;
    %assign/v0 v011B4160_0, 2000, 8;
    %load/v 8, v011BE358_0, 1;
    %ix/load 0, 1, 0;
    %assign/v0 v011B41B8_0, 2000, 8;
    %jmp T_2;
    .thread T_2;
    .scope S_011B8918;
T_3 ;
    %wait E_011E2748;
    %load/v 8, v011B41B8_0, 1;
    %jmp/0xz  T_3.0, 8;
    %load/v 8, v011B4108_0, 16;
    %ix/getv 3, v011B4160_0;
    %jmp/1 t_1, 4;
    %ix/load 0, 16, 0; word width
    %ix/load 1, 0, 0; part off
    %assign/av v011F0DB0, 2000, 8;
t_1 ;
T_3.0 ;
    %jmp T_3;
    .thread T_3;
    .scope S_011B9198;
T_4 ;
    %set/v v011F0BA0_0, 0, 1;
    %set/v v011F0BF8_0, 0, 1;
    %movi 8, 20, 6;
T_4.0 %cmp/s 0, 8, 6;
    %jmp/0xz T_4.1, 5;
    %add 8, 1, 6;
    %delay 5000, 0;
    %set/v v011F0BA0_0, 1, 1;
    %delay 5000, 0;
    %set/v v011F0BA0_0, 0, 1;
    %delay 5000, 0;
    %set/v v011F0BF8_0, 1, 1;
    %delay 5000, 0;
    %set/v v011F0BF8_0, 0, 1;
    %jmp T_4.0;
T_4.1 ;
    %end;
    .thread T_4;
    .scope S_011B9198;
T_5 ;
    %set/v v011F0A98_0, 0, 32;
T_5.0 ;
    %load/v 8, v011F0A98_0, 32;
   %cmpi/s 8, 16, 32;
    %jmp/0xz T_5.1, 5;
    %load/v 8, v011F0A98_0, 32;
    %ix/getv/s 3, v011F0A98_0;
   %jmp/1 t_2, 4;
   %ix/load 1, 0, 0;
   %set/av v011B4210, 8, 16;
t_2 ;
    %ix/load 0, 1, 0;
    %load/vp0/s 8, v011F0A98_0, 32;
    %set/v v011F0A98_0, 8, 32;
    %jmp T_5.0;
T_5.1 ;
    %end;
    .thread T_5;
    .scope S_011B9198;
T_6 ;
    %set/v v011F0938_0, 0, 1;
    %set/v v011F0C50_0, 0, 4;
    %set/v v011F07D8_0, 0, 4;
    %set/v v011F0AF0_0, 0, 4;
    %set/v v011F0780_0, 0, 8;
    %set/v v011F0E08_0, 0, 4;
    %delay 1000, 0;
    %set/v v011F0938_0, 1, 1;
    %set/v v011F0C50_0, 0, 4;
    %movi 8, 1, 4;
    %set/v v011F07D8_0, 8, 4;
    %movi 8, 10, 4;
    %set/v v011F0AF0_0, 8, 4;
    %movi 8, 85, 8;
    %set/v v011F0780_0, 8, 8;
    %set/v v011F0E08_0, 0, 4;
    %delay 20000, 0;
    %movi 8, 2, 4;
    %set/v v011F0C50_0, 8, 4;
    %movi 8, 3, 4;
    %set/v v011F07D8_0, 8, 4;
    %movi 8, 11, 4;
    %set/v v011F0AF0_0, 8, 4;
    %movi 8, 87, 8;
    %set/v v011F0780_0, 8, 8;
    %movi 8, 1, 4;
    %set/v v011F0E08_0, 8, 4;
    %delay 20000, 0;
    %movi 8, 4, 4;
    %set/v v011F0C50_0, 8, 4;
    %movi 8, 5, 4;
    %set/v v011F07D8_0, 8, 4;
    %movi 8, 12, 4;
    %set/v v011F0AF0_0, 8, 4;
    %movi 8, 86, 8;
    %set/v v011F0780_0, 8, 8;
    %movi 8, 2, 4;
    %set/v v011F0E08_0, 8, 4;
    %delay 20000, 0;
    %movi 8, 6, 4;
    %set/v v011F0C50_0, 8, 4;
    %movi 8, 7, 4;
    %set/v v011F07D8_0, 8, 4;
    %movi 8, 13, 4;
    %set/v v011F0AF0_0, 8, 4;
    %movi 8, 84, 8;
    %set/v v011F0780_0, 8, 8;
    %movi 8, 3, 4;
    %set/v v011F0E08_0, 8, 4;
    %delay 20000, 0;
    %movi 8, 8, 4;
    %set/v v011F0C50_0, 8, 4;
    %movi 8, 9, 4;
    %set/v v011F07D8_0, 8, 4;
    %movi 8, 14, 4;
    %set/v v011F0AF0_0, 8, 4;
    %movi 8, 81, 8;
    %set/v v011F0780_0, 8, 8;
    %movi 8, 4, 4;
    %set/v v011F0E08_0, 8, 4;
    %delay 120000, 0;
    %vpi_call 2 74 "$finish";
    %end;
    .thread T_6;
    .scope S_011B9198;
T_7 ;
    %vpi_call 2 78 "$monitor", "Time : %d, Z : %d", $time, v011F0CA8_0;
    %vpi_call 2 79 "$dumpvars", 1'sb0, S_011B9198;
    %vpi_call 2 79 "$dumpfile", "dump.vcd";
    %end;
    .thread T_7;
# The file index is used to find the file name in the following table.
:file_names 4;
    "N/A";
    "<interactive>";
    "ptest.v";
    "processor.v";
