#! /c/iverilog/bin/vvp
:ivl_version "0.9.7 " "(v0_9_7)";
:vpi_time_precision - 12;
:vpi_module "system";
:vpi_module "v2005_math";
:vpi_module "va_math";
S_01183310 .scope module, "DUT" "DUT" 2 2;
 .timescale -9 -12;
v011849F0_0 .var "clock", 0 0;
v01187AE8_0 .net "light", 0 2, v011838E8_0; 1 drivers
S_01183398 .scope module, "R1" "RGY" 2 5, 3 1, S_01183310;
 .timescale 0 0;
P_01184914 .param/l "S0" 3 4, +C4<0>;
P_01184928 .param/l "S1" 3 4, +C4<01>;
P_0118493C .param/l "S2" 3 4, +C4<010>;
P_01184950 .param/l "green" 3 5, C4<010>;
P_01184964 .param/l "red" 3 5, C4<100>;
P_01184978 .param/l "yellow" 3 5, C4<001>;
v011835B8_0 .net "clock", 0 0, v011849F0_0; 1 drivers
v011838E8_0 .var "light", 0 2;
v01184998_0 .var "state", 1 0;
E_011C2598 .event edge, v01184998_0;
E_011C27F8 .event posedge, v011835B8_0;
    .scope S_01183398;
T_0 ;
    %wait E_011C27F8;
    %load/v 8, v01184998_0, 2;
    %cmpi/u 8, 0, 2;
    %jmp/1 T_0.0, 6;
    %cmpi/u 8, 1, 2;
    %jmp/1 T_0.1, 6;
    %cmpi/u 8, 2, 2;
    %jmp/1 T_0.2, 6;
    %ix/load 0, 2, 0;
    %assign/v0 v01184998_0, 0, 0;
    %jmp T_0.4;
T_0.0 ;
    %movi 8, 1, 2;
    %ix/load 0, 2, 0;
    %assign/v0 v01184998_0, 0, 8;
    %jmp T_0.4;
T_0.1 ;
    %movi 8, 2, 3;
    %ix/load 0, 2, 0;
    %assign/v0 v01184998_0, 0, 8;
    %jmp T_0.4;
T_0.2 ;
    %ix/load 0, 2, 0;
    %assign/v0 v01184998_0, 0, 0;
    %jmp T_0.4;
T_0.4 ;
    %jmp T_0;
    .thread T_0;
    .scope S_01183398;
T_1 ;
    %wait E_011C2598;
    %load/v 8, v01184998_0, 2;
    %cmpi/u 8, 0, 2;
    %jmp/1 T_1.0, 6;
    %cmpi/u 8, 1, 2;
    %jmp/1 T_1.1, 6;
    %cmpi/u 8, 2, 2;
    %jmp/1 T_1.2, 6;
    %movi 8, 4, 3;
    %set/v v011838E8_0, 8, 3;
    %jmp T_1.4;
T_1.0 ;
    %movi 8, 4, 3;
    %set/v v011838E8_0, 8, 3;
    %jmp T_1.4;
T_1.1 ;
    %movi 8, 2, 3;
    %set/v v011838E8_0, 8, 3;
    %jmp T_1.4;
T_1.2 ;
    %movi 8, 1, 3;
    %set/v v011838E8_0, 8, 3;
    %jmp T_1.4;
T_1.4 ;
    %jmp T_1;
    .thread T_1, $push;
    .scope S_01183310;
T_2 ;
    %delay 5000, 0;
    %load/v 8, v011849F0_0, 1;
    %inv 8, 1;
    %set/v v011849F0_0, 8, 1;
    %jmp T_2;
    .thread T_2;
    .scope S_01183310;
T_3 ;
    %set/v v011849F0_0, 0, 1;
    %delay 100000, 0;
    %vpi_call 2 11 "$finish";
    %end;
    .thread T_3;
    .scope S_01183310;
T_4 ;
    %vpi_call 2 15 "$monitor", " time is %d and the light colour is %d", $time, v01187AE8_0;
    %vpi_call 2 16 "$dumpfile", "RYGlight.vcd";
    %vpi_call 2 17 "$dumpvars", 1'sb0, S_01183310;
    %end;
    .thread T_4;
# The file index is used to find the file name in the following table.
:file_names 4;
    "N/A";
    "<interactive>";
    "RYGtest.v";
    "RYG.v";
