#! /c/iverilog/bin/vvp
:ivl_version "0.9.7 " "(v0_9_7)";
:vpi_time_precision - 12;
:vpi_module "system";
:vpi_module "v2005_math";
:vpi_module "va_math";
S_01138610 .scope module, "DUT" "DUT" 2 1;
 .timescale -9 -12;
P_0113AAE4 .param/l "N" 2 3, +C4<01010>;
v0113A6D0_0 .var "A", 9 0;
v0113A728_0 .var "B", 9 0;
v0113A780_0 .var "C", 9 0;
v0113B708_0 .var "D", 9 0;
v011705A0_0 .net "F", 9 0, v0113A620_0; 1 drivers
v011705F8_0 .var "clk", 0 0;
S_011382E0 .scope module, "P1" "pipe_ex" 2 8, 3 2, S_01138610;
 .timescale -9 -12;
P_0113AA64 .param/l "N" 3 3, +C4<01010>;
v0113EF38_0 .net "A", 9 0, v0113A6D0_0; 1 drivers
v0113CFE8_0 .net "B", 9 0, v0113A728_0; 1 drivers
v011314E8_0 .net "C", 9 0, v0113A780_0; 1 drivers
v01131540_0 .net "D", 9 0, v0113B708_0; 1 drivers
v01131598_0 .alias "F", 9 0, v011705A0_0;
v011315F0_0 .var "L12D", 9 0;
v01134EE0_0 .var "L12x1", 9 0;
v01134F38_0 .var "L12x2", 9 0;
v01134F90_0 .var "L23D", 9 0;
v01134FE8_0 .var "L23x1", 9 0;
v0113A620_0 .var "L34x1", 9 0;
v0113A678_0 .net "clk", 0 0, v011705F8_0; 1 drivers
E_0113AB40 .event posedge, v0113A678_0;
    .scope S_011382E0;
T_0 ;
    %wait E_0113AB40;
    %load/v 8, v0113EF38_0, 10;
    %load/v 18, v0113CFE8_0, 10;
    %add 8, 18, 10;
    %ix/load 0, 10, 0;
    %assign/v0 v01134EE0_0, 4000, 8;
    %load/v 8, v011314E8_0, 10;
    %load/v 18, v01131540_0, 10;
    %sub 8, 18, 10;
    %ix/load 0, 10, 0;
    %assign/v0 v01134F38_0, 4000, 8;
    %load/v 8, v01131540_0, 10;
    %ix/load 0, 10, 0;
    %assign/v0 v011315F0_0, 0, 8;
    %jmp T_0;
    .thread T_0;
    .scope S_011382E0;
T_1 ;
    %wait E_0113AB40;
    %load/v 8, v01134EE0_0, 10;
    %load/v 18, v01134F38_0, 10;
    %add 8, 18, 10;
    %ix/load 0, 10, 0;
    %assign/v0 v01134FE8_0, 4000, 8;
    %load/v 8, v011315F0_0, 10;
    %ix/load 0, 10, 0;
    %assign/v0 v01134F90_0, 0, 8;
    %jmp T_1;
    .thread T_1;
    .scope S_011382E0;
T_2 ;
    %wait E_0113AB40;
    %load/v 8, v01134FE8_0, 10;
    %load/v 18, v01134F90_0, 10;
    %mul 8, 18, 10;
    %ix/load 0, 10, 0;
    %assign/v0 v0113A620_0, 6000, 8;
    %jmp T_2;
    .thread T_2;
    .scope S_01138610;
T_3 ;
    %delay 5000, 0;
    %load/v 8, v011705F8_0, 1;
    %inv 8, 1;
    %set/v v011705F8_0, 8, 1;
    %jmp T_3;
    .thread T_3;
    .scope S_01138610;
T_4 ;
    %set/v v011705F8_0, 0, 1;
    %set/v v0113A6D0_0, 0, 10;
    %set/v v0113A728_0, 0, 10;
    %set/v v0113A780_0, 0, 10;
    %set/v v0113B708_0, 0, 10;
    %delay 10000, 0;
    %movi 8, 10, 10;
    %set/v v0113A6D0_0, 8, 10;
    %movi 8, 15, 10;
    %set/v v0113A728_0, 8, 10;
    %movi 8, 10, 10;
    %set/v v0113A780_0, 8, 10;
    %movi 8, 10, 10;
    %set/v v0113B708_0, 8, 10;
    %delay 10000, 0;
    %movi 8, 10, 10;
    %set/v v0113A6D0_0, 8, 10;
    %movi 8, 10, 10;
    %set/v v0113A728_0, 8, 10;
    %movi 8, 5, 10;
    %set/v v0113A780_0, 8, 10;
    %movi 8, 5, 10;
    %set/v v0113B708_0, 8, 10;
    %delay 10000, 0;
    %movi 8, 5, 10;
    %set/v v0113A6D0_0, 8, 10;
    %movi 8, 15, 10;
    %set/v v0113A728_0, 8, 10;
    %movi 8, 20, 10;
    %set/v v0113A780_0, 8, 10;
    %movi 8, 5, 10;
    %set/v v0113B708_0, 8, 10;
    %delay 10000, 0;
    %movi 8, 10, 10;
    %set/v v0113A6D0_0, 8, 10;
    %movi 8, 5, 10;
    %set/v v0113A728_0, 8, 10;
    %movi 8, 10, 10;
    %set/v v0113A780_0, 8, 10;
    %movi 8, 5, 10;
    %set/v v0113B708_0, 8, 10;
    %delay 10000, 0;
    %movi 8, 10, 10;
    %set/v v0113A6D0_0, 8, 10;
    %movi 8, 10, 10;
    %set/v v0113A728_0, 8, 10;
    %movi 8, 5, 10;
    %set/v v0113A780_0, 8, 10;
    %movi 8, 10, 10;
    %set/v v0113B708_0, 8, 10;
    %delay 50000, 0;
    %vpi_call 2 33 "$finish";
    %end;
    .thread T_4;
    .scope S_01138610;
T_5 ;
    %vpi_call 2 37 "$monitor", "Time: %d,F : %d", $time, v011705A0_0;
    %vpi_call 2 38 "$dumpvars", 1'sb0, S_01138610;
    %vpi_call 2 38 "$dumpfile", "dump.vcd";
    %end;
    .thread T_5;
# The file index is used to find the file name in the following table.
:file_names 4;
    "N/A";
    "<interactive>";
    "ftest2.v";
    "f2.v";
