#! /c/iverilog/bin/vvp
:ivl_version "0.9.7 " "(v0_9_7)";
:vpi_time_precision - 12;
:vpi_module "system";
:vpi_module "v2005_math";
:vpi_module "va_math";
S_01131C58 .scope module, "DUT" "DUT" 2 2;
 .timescale -9 -12;
v0113FD50_0 .net "Sub_out", 15 0, v0113FA10_0; 1 drivers
v0113FDA8_0 .var "clk", 0 0;
v01140328_0 .var "d_in", 15 0;
v0113FE58_0 .net "done", 0 0, v0094B350_0; 1 drivers
v01140430_0 .net "eq", 0 0, L_011400C0; 1 drivers
v0113FEB0_0 .net "gt", 0 0, L_01140068; 1 drivers
v0113FCA0_0 .net "ldA", 0 0, v011434E8_0; 1 drivers
v011403D8_0 .net "ldB", 0 0, v01143540_0; 1 drivers
v011404E0_0 .net "lt", 0 0, L_01140698; 1 drivers
v011402D0_0 .net "sel1", 0 0, v01141DB0_0; 1 drivers
v0113FF60_0 .net "sel2", 0 0, v01141E08_0; 1 drivers
v01140538_0 .net "sel_in", 0 0, v011496E8_0; 1 drivers
v01140590_0 .var "start", 0 0;
S_01132098 .scope module, "H1" "HCF" 2 10, 3 2, S_01131C58;
 .timescale -9 -12;
v01140B10_0 .net "Aout", 15 0, v011408A8_0; 1 drivers
v01140A60_0 .net "Bout", 15 0, v0113F490_0; 1 drivers
v01140900_0 .net "Bus_in", 15 0, L_0113FFB8; 1 drivers
v011409B0_0 .alias "Sub_out", 15 0, v0113FD50_0;
v011406F0_0 .net "X", 15 0, L_011405E8; 1 drivers
v01140A08_0 .net "Y", 15 0, L_01140010; 1 drivers
v01140AB8_0 .net "clk", 0 0, v0113FDA8_0; 1 drivers
v011407A0_0 .net "d_in", 15 0, v01140328_0; 1 drivers
v01140748_0 .alias "eq", 0 0, v01140430_0;
v0113FF08_0 .alias "gt", 0 0, v0113FEB0_0;
v0113FCF8_0 .alias "ldA", 0 0, v0113FCA0_0;
v0113FE00_0 .alias "ldB", 0 0, v011403D8_0;
v0113FBF0_0 .alias "lt", 0 0, v011404E0_0;
v01140488_0 .alias "sel1", 0 0, v011402D0_0;
v01140640_0 .alias "sel2", 0 0, v0113FF60_0;
v01140380_0 .alias "sel_in", 0 0, v01140538_0;
S_01133440 .scope module, "A" "PIPO1" 3 9, 4 2, S_01132098;
 .timescale -9 -12;
v01140B68_0 .alias "clk", 0 0, v01140AB8_0;
v01140850_0 .alias "din", 15 0, v01140900_0;
v011408A8_0 .var "dout", 15 0;
v01140958_0 .alias "ld", 0 0, v0113FCA0_0;
S_01132BC0 .scope module, "B" "PIPO2" 3 10, 5 2, S_01132098;
 .timescale -9 -12;
v0113F750_0 .alias "clk", 0 0, v01140AB8_0;
v0113FB18_0 .alias "din", 15 0, v01140900_0;
v0113F490_0 .var "dout", 15 0;
v011407F8_0 .alias "ld", 0 0, v011403D8_0;
S_01133330 .scope module, "Min" "MUX_in" 3 11, 6 2, S_01132098;
 .timescale -9 -12;
v0113F908_0 .alias "in1", 15 0, v0113FD50_0;
v0113F648_0 .alias "in2", 15 0, v011407A0_0;
v0113F438_0 .alias "out", 15 0, v01140900_0;
v0113F9B8_0 .alias "sel", 0 0, v01140538_0;
L_0113FFB8 .functor MUXZ 16, v0113FA10_0, v01140328_0, v011496E8_0, C4<>;
S_01132B38 .scope module, "M1" "MUX1" 3 12, 7 2, S_01132098;
 .timescale -9 -12;
v0113F858_0 .alias "in1", 15 0, v01140B10_0;
v0113FAC0_0 .alias "in2", 15 0, v01140A60_0;
v0113F6F8_0 .alias "out", 15 0, v011406F0_0;
v0113F5F0_0 .alias "sel1", 0 0, v011402D0_0;
L_011405E8 .functor MUXZ 16, v0113F490_0, v011408A8_0, v01141DB0_0, C4<>;
S_01132340 .scope module, "M2" "MUX2" 3 13, 8 2, S_01132098;
 .timescale -9 -12;
v0113FA68_0 .alias "in1", 15 0, v01140B10_0;
v0113F598_0 .alias "in2", 15 0, v01140A60_0;
v0113F960_0 .alias "out", 15 0, v01140A08_0;
v0113F800_0 .alias "sel2", 0 0, v0113FF60_0;
L_01140010 .functor MUXZ 16, v0113F490_0, v011408A8_0, v01141E08_0, C4<>;
S_011322B8 .scope module, "CMP" "COMP" 3 14, 9 2, S_01132098;
 .timescale -9 -12;
v0113F6A0_0 .alias "e", 0 0, v01140430_0;
v0113F4E8_0 .alias "g", 0 0, v0113FEB0_0;
v0113F540_0 .alias "in1", 15 0, v01140B10_0;
v0113F8B0_0 .alias "in2", 15 0, v01140A60_0;
v0113F7A8_0 .alias "l", 0 0, v011404E0_0;
L_01140698 .cmp/gt 16, v0113F490_0, v011408A8_0;
L_01140068 .cmp/gt 16, v011408A8_0, v0113F490_0;
L_011400C0 .cmp/eq 16, v011408A8_0, v0113F490_0;
S_01132230 .scope module, "SBT" "SUBT" 3 15, 10 2, S_01132098;
 .timescale -9 -12;
v00941518_0 .alias "in1", 15 0, v011406F0_0;
v0113F3E0_0 .alias "in2", 15 0, v01140A08_0;
v0113FA10_0 .var "out", 15 0;
E_0094AC28 .event edge, v00941518_0, v0113F3E0_0;
S_01132010 .scope module, "C1" "controller" 2 11, 11 2, S_01131C58;
 .timescale -9 -12;
P_01142AC4 .param/l "S0" 11 6, C4<001>;
P_01142AD8 .param/l "S1" 11 6, C4<010>;
P_01142AEC .param/l "S2" 11 6, C4<011>;
P_01142B00 .param/l "S3" 11 6, C4<100>;
P_01142B14 .param/l "S4" 11 6, C4<101>;
v0094B2F8_0 .alias "clk", 0 0, v01140AB8_0;
v0094B350_0 .var "done", 0 0;
v01136F68_0 .alias "eq", 0 0, v01140430_0;
v01136FC0_0 .alias "gt", 0 0, v0113FEB0_0;
v011434E8_0 .var "ldA", 0 0;
v01143540_0 .var "ldB", 0 0;
v01141D58_0 .alias "lt", 0 0, v011404E0_0;
v01141DB0_0 .var "sel1", 0 0;
v01141E08_0 .var "sel2", 0 0;
v011496E8_0 .var "sel_in", 0 0;
v01149740_0 .net "start", 0 0, v01140590_0; 1 drivers
v01149798_0 .var "state", 2 0;
E_0094A7A8 .event edge, v01149798_0;
E_0094AE08 .event posedge, v0094B2F8_0;
    .scope S_01133440;
T_0 ;
    %wait E_0094AE08;
    %load/v 8, v01140958_0, 1;
    %jmp/0xz  T_0.0, 8;
    %load/v 8, v01140850_0, 16;
    %ix/load 0, 16, 0;
    %assign/v0 v011408A8_0, 0, 8;
T_0.0 ;
    %jmp T_0;
    .thread T_0;
    .scope S_01132BC0;
T_1 ;
    %wait E_0094AE08;
    %load/v 8, v011407F8_0, 1;
    %jmp/0xz  T_1.0, 8;
    %load/v 8, v0113FB18_0, 16;
    %ix/load 0, 16, 0;
    %assign/v0 v0113F490_0, 0, 8;
T_1.0 ;
    %jmp T_1;
    .thread T_1;
    .scope S_01132230;
T_2 ;
    %wait E_0094AC28;
    %load/v 8, v00941518_0, 16;
    %load/v 24, v0113F3E0_0, 16;
    %sub 8, 24, 16;
    %set/v v0113FA10_0, 8, 16;
    %jmp T_2;
    .thread T_2, $push;
    .scope S_01132010;
T_3 ;
    %wait E_0094AE08;
    %delay 1000, 0;
    %load/v 8, v01149798_0, 3;
    %cmpi/u 8, 1, 3;
    %jmp/1 T_3.0, 6;
    %cmpi/u 8, 2, 3;
    %jmp/1 T_3.1, 6;
    %cmpi/u 8, 3, 3;
    %jmp/1 T_3.2, 6;
    %cmpi/u 8, 4, 3;
    %jmp/1 T_3.3, 6;
    %cmpi/u 8, 5, 3;
    %jmp/1 T_3.4, 6;
    %movi 8, 1, 3;
    %ix/load 0, 3, 0;
    %assign/v0 v01149798_0, 0, 8;
    %jmp T_3.6;
T_3.0 ;
    %load/v 8, v01149740_0, 1;
    %jmp/0xz  T_3.7, 8;
    %movi 8, 2, 3;
    %ix/load 0, 3, 0;
    %assign/v0 v01149798_0, 0, 8;
T_3.7 ;
    %jmp T_3.6;
T_3.1 ;
    %movi 8, 3, 3;
    %ix/load 0, 3, 0;
    %assign/v0 v01149798_0, 0, 8;
    %jmp T_3.6;
T_3.2 ;
    %load/v 8, v01141D58_0, 1;
    %jmp/0xz  T_3.9, 8;
    %movi 8, 3, 3;
    %ix/load 0, 3, 0;
    %assign/v0 v01149798_0, 0, 8;
    %jmp T_3.10;
T_3.9 ;
    %load/v 8, v01136FC0_0, 1;
    %jmp/0xz  T_3.11, 8;
    %movi 8, 4, 3;
    %ix/load 0, 3, 0;
    %assign/v0 v01149798_0, 0, 8;
    %jmp T_3.12;
T_3.11 ;
    %load/v 8, v01136F68_0, 1;
    %jmp/0xz  T_3.13, 8;
    %movi 8, 5, 3;
    %ix/load 0, 3, 0;
    %assign/v0 v01149798_0, 0, 8;
T_3.13 ;
T_3.12 ;
T_3.10 ;
    %jmp T_3.6;
T_3.3 ;
    %load/v 8, v01141D58_0, 1;
    %jmp/0xz  T_3.15, 8;
    %movi 8, 3, 3;
    %ix/load 0, 3, 0;
    %assign/v0 v01149798_0, 0, 8;
    %jmp T_3.16;
T_3.15 ;
    %load/v 8, v01136FC0_0, 1;
    %jmp/0xz  T_3.17, 8;
    %movi 8, 4, 3;
    %ix/load 0, 3, 0;
    %assign/v0 v01149798_0, 0, 8;
    %jmp T_3.18;
T_3.17 ;
    %load/v 8, v01136F68_0, 1;
    %jmp/0xz  T_3.19, 8;
    %movi 8, 5, 3;
    %ix/load 0, 3, 0;
    %assign/v0 v01149798_0, 0, 8;
T_3.19 ;
T_3.18 ;
T_3.16 ;
    %jmp T_3.6;
T_3.4 ;
    %movi 8, 5, 3;
    %ix/load 0, 3, 0;
    %assign/v0 v01149798_0, 0, 8;
    %jmp T_3.6;
T_3.6 ;
    %jmp T_3;
    .thread T_3;
    .scope S_01132010;
T_4 ;
    %wait E_0094A7A8;
    %load/v 8, v01149798_0, 3;
    %cmpi/u 8, 1, 3;
    %jmp/1 T_4.0, 6;
    %cmpi/u 8, 2, 3;
    %jmp/1 T_4.1, 6;
    %cmpi/u 8, 3, 3;
    %jmp/1 T_4.2, 6;
    %cmpi/u 8, 4, 3;
    %jmp/1 T_4.3, 6;
    %cmpi/u 8, 5, 3;
    %jmp/1 T_4.4, 6;
    %movi 8, 1, 3;
    %ix/load 0, 3, 0;
    %assign/v0 v01149798_0, 0, 8;
    %jmp T_4.6;
T_4.0 ;
    %delay 1000, 0;
    %set/v v011496E8_0, 1, 1;
    %set/v v011434E8_0, 1, 1;
    %jmp T_4.6;
T_4.1 ;
    %delay 1000, 0;
    %set/v v011434E8_0, 0, 1;
    %set/v v01143540_0, 1, 1;
    %jmp T_4.6;
T_4.2 ;
    %delay 1000, 0;
    %set/v v011496E8_0, 0, 1;
    %set/v v011434E8_0, 0, 1;
    %set/v v01141DB0_0, 0, 1;
    %set/v v01141E08_0, 1, 1;
    %jmp T_4.6;
T_4.3 ;
    %delay 1000, 0;
    %set/v v01141DB0_0, 1, 1;
    %set/v v01141E08_0, 0, 1;
    %set/v v011434E8_0, 1, 1;
    %set/v v01143540_0, 0, 1;
    %jmp T_4.6;
T_4.4 ;
    %delay 1000, 0;
    %set/v v011496E8_0, 0, 1;
    %set/v v0094B350_0, 1, 1;
    %set/v v011434E8_0, 0, 1;
    %set/v v01143540_0, 0, 1;
    %jmp T_4.6;
T_4.6 ;
    %jmp T_4;
    .thread T_4, $push;
    .scope S_01131C58;
T_5 ;
    %set/v v0113FDA8_0, 0, 1;
    %delay 3000, 0;
    %set/v v01140590_0, 1, 1;
    %delay 500000, 0;
    %vpi_call 2 16 "$finish";
    %end;
    .thread T_5;
    .scope S_01131C58;
T_6 ;
    %delay 5000, 0;
    %load/v 8, v0113FDA8_0, 1;
    %inv 8, 1;
    %set/v v0113FDA8_0, 8, 1;
    %jmp T_6;
    .thread T_6;
    .scope S_01131C58;
T_7 ;
    %delay 4000, 0;
    %movi 8, 2, 16;
    %set/v v01140328_0, 8, 16;
    %delay 12000, 0;
    %movi 8, 5, 16;
    %set/v v01140328_0, 8, 16;
    %end;
    .thread T_7;
    .scope S_01131C58;
T_8 ;
    %vpi_call 2 28 "$monitor", "time=%0t done=%b", $time, v0113FE58_0;
    %vpi_call 2 29 "$dumpfile", "hcf.vcd";
    %vpi_call 2 29 "$dumpvars", 1'sb0, S_01131C58;
    %end;
    .thread T_8;
# The file index is used to find the file name in the following table.
:file_names 12;
    "N/A";
    "<interactive>";
    "hcf_test.v";
    "datapath.v";
    "A.v";
    "B.v";
    "MUX_in.v";
    "MUX1.v";
    "MUX2.v";
    "COMP.v";
    "SUB.v";
    "controller.v";
