#! /c/iverilog/bin/vvp
:ivl_version "0.9.7 " "(v0_9_7)";
:vpi_time_precision - 12;
:vpi_module "system";
:vpi_module "v2005_math";
:vpi_module "va_math";
S_012F88F8 .scope module, "DUT" "DUT" 2 2;
 .timescale -9 -12;
v012F1590_0 .var "a", 0 0;
v012F15E8_0 .var "b", 0 0;
v012FB368_0 .var "cin", 0 0;
v012FB3C0_0 .net "cout", 0 0, v012F14E0_0; 1 drivers
v012FB418_0 .net "sum", 0 0, v012F1538_0; 1 drivers
S_012F9178 .scope module, "A1" "adder" 2 6, 3 2, S_012F88F8;
 .timescale -9 -12;
v012F4180_0 .net "a", 0 0, v012F1590_0; 1 drivers
v012F41D8_0 .net "b", 0 0, v012F15E8_0; 1 drivers
v012F4230_0 .net "cin", 0 0, v012FB368_0; 1 drivers
v012F14E0_0 .var "cout", 0 0;
v012F1538_0 .var "sum", 0 0;
E_012FE950 .event edge, v012F41D8_0, v012F4180_0, v012F4230_0;
S_012F8C28 .scope task, "FA" "FA" 3 10, 3 10, S_012F9178;
 .timescale -9 -12;
v012F7F70_0 .var "A", 0 0;
v012F7FC8_0 .var "B", 0 0;
v012F7D60_0 .var "C", 0 0;
v012F7DB8_0 .var "carry", 0 0;
v012F7E10_0 .var "sum", 0 0;
TD_DUT.A1.FA ;
    %delay 2000, 0;
    %load/v 8, v012F7F70_0, 1;
    %load/v 9, v012F7FC8_0, 1;
    %xor 8, 9, 1;
    %load/v 9, v012F7D60_0, 1;
    %xor 8, 9, 1;
    %set/v v012F7E10_0, 8, 1;
    %load/v 8, v012F7F70_0, 1;
    %load/v 9, v012F7FC8_0, 1;
    %and 8, 9, 1;
    %load/v 9, v012F7FC8_0, 1;
    %load/v 10, v012F7D60_0, 1;
    %and 9, 10, 1;
    %or 8, 9, 1;
    %load/v 9, v012F7F70_0, 1;
    %load/v 10, v012F7D60_0, 1;
    %and 9, 10, 1;
    %or 8, 9, 1;
    %set/v v012F7DB8_0, 8, 1;
    %end;
    .scope S_012F9178;
T_1 ;
    %wait E_012FE950;
    %load/v 8, v012F4180_0, 1;
    %set/v v012F7F70_0, 8, 1;
    %load/v 8, v012F41D8_0, 1;
    %set/v v012F7FC8_0, 8, 1;
    %load/v 8, v012F4230_0, 1;
    %set/v v012F7D60_0, 8, 1;
    %fork TD_DUT.A1.FA, S_012F8C28;
    %join;
    %load/v 8, v012F7E10_0, 1;
    %set/v v012F1538_0, 8, 1;
    %load/v 8, v012F7DB8_0, 1;
    %set/v v012F14E0_0, 8, 1;
    %jmp T_1;
    .thread T_1, $push;
    .scope S_012F88F8;
T_2 ;
    %delay 50000, 0;
    %vpi_call 2 9 "$finish";
    %end;
    .thread T_2;
    .scope S_012F88F8;
T_3 ;
    %delay 0, 0;
    %set/v v012F1590_0, 0, 1;
    %set/v v012F15E8_0, 0, 1;
    %set/v v012FB368_0, 0, 1;
    %delay 5000, 0;
    %set/v v012F1590_0, 0, 1;
    %set/v v012F15E8_0, 0, 1;
    %set/v v012FB368_0, 1, 1;
    %delay 5000, 0;
    %set/v v012F1590_0, 0, 1;
    %set/v v012F15E8_0, 1, 1;
    %set/v v012FB368_0, 0, 1;
    %delay 5000, 0;
    %set/v v012F1590_0, 0, 1;
    %set/v v012F15E8_0, 1, 1;
    %set/v v012FB368_0, 1, 1;
    %delay 5000, 0;
    %set/v v012F1590_0, 1, 1;
    %set/v v012F15E8_0, 0, 1;
    %set/v v012FB368_0, 0, 1;
    %delay 5000, 0;
    %set/v v012F1590_0, 1, 1;
    %set/v v012F15E8_0, 0, 1;
    %set/v v012FB368_0, 1, 1;
    %delay 5000, 0;
    %set/v v012F1590_0, 1, 1;
    %set/v v012F15E8_0, 1, 1;
    %set/v v012FB368_0, 0, 1;
    %delay 5000, 0;
    %set/v v012F1590_0, 1, 1;
    %set/v v012F15E8_0, 1, 1;
    %set/v v012FB368_0, 1, 1;
    %end;
    .thread T_3;
    .scope S_012F88F8;
T_4 ;
    %vpi_call 2 24 "$monitor", "time=0%t sum=%b cout=%b", $time, v012FB418_0, v012FB3C0_0;
    %vpi_call 2 25 "$dumpvars", 1'sb0, S_012F88F8;
    %vpi_call 2 25 "$dumpfile", "dump.vcd";
    %end;
    .thread T_4;
# The file index is used to find the file name in the following table.
:file_names 4;
    "N/A";
    "<interactive>";
    "Ftest.v";
    "Tsk.v";
