#! /c/iverilog/bin/vvp
:ivl_version "0.9.7 " "(v0_9_7)";
:vpi_time_precision - 12;
:vpi_module "system";
:vpi_module "v2005_math";
:vpi_module "va_math";
S_011838C0 .scope module, "DUT" "DUT" 2 2;
 .timescale -9 -12;
v012EEDB8_0 .var "clk", 0 0;
v012EEE10_0 .net "cnt", 2 0, v012E4268_0; 1 drivers
v012EEE68_0 .var "rst", 0 0;
v012EEEC0_0 .var "start", 0 0;
S_012E1500 .scope module, "C1" "cntr" 2 6, 3 2, S_011838C0;
 .timescale -9 -12;
v012E1588_0 .net *"_s0", 2 0, C4<001>; 1 drivers
v012E15E0_0 .net "clk", 0 0, v012EEDB8_0; 1 drivers
v012E4268_0 .var "cnt", 2 0;
v012E42C0_0 .net "next_cnt", 2 0, L_012EEF18; 1 drivers
v012E4318_0 .net "rst", 0 0, v012EEE68_0; 1 drivers
v012EED60_0 .net "start", 0 0, v012EEEC0_0; 1 drivers
E_01181B10/0 .event negedge, v012E4318_0;
E_01181B10/1 .event posedge, v012E15E0_0;
E_01181B10 .event/or E_01181B10/0, E_01181B10/1;
L_012EEF18 .arith/sum 3, v012E4268_0, C4<001>;
    .scope S_012E1500;
T_0 ;
    %wait E_01181B10;
    %load/v 8, v012E4318_0, 1;
    %inv 8, 1;
    %jmp/0xz  T_0.0, 8;
    %ix/load 0, 3, 0;
    %assign/v0 v012E4268_0, 0, 0;
    %jmp T_0.1;
T_0.0 ;
    %load/v 8, v012EED60_0, 1;
    %jmp/0xz  T_0.2, 8;
    %load/v 8, v012E42C0_0, 3;
    %ix/load 0, 3, 0;
    %assign/v0 v012E4268_0, 0, 8;
T_0.2 ;
T_0.1 ;
    %jmp T_0;
    .thread T_0;
    .scope S_011838C0;
T_1 ;
    %set/v v012EEE68_0, 0, 1;
    %set/v v012EEDB8_0, 0, 1;
    %delay 200000, 0;
    %vpi_call 2 12 "$finish";
    %end;
    .thread T_1;
    .scope S_011838C0;
T_2 ;
    %delay 5000, 0;
    %load/v 8, v012EEDB8_0, 1;
    %inv 8, 1;
    %set/v v012EEDB8_0, 8, 1;
    %jmp T_2;
    .thread T_2;
    .scope S_011838C0;
T_3 ;
    %delay 10000, 0;
    %set/v v012EEE68_0, 1, 1;
    %set/v v012EEEC0_0, 1, 1;
    %end;
    .thread T_3;
    .scope S_011838C0;
T_4 ;
    %vpi_call 2 23 "$monitor", "time=0%t cnt = %d", $time, v012EEE10_0;
    %vpi_call 2 24 "$dumpvars", 1'sb0, S_011838C0;
    %vpi_call 2 24 "$dumpfile", "3bit.vcd";
    %end;
    .thread T_4;
# The file index is used to find the file name in the following table.
:file_names 4;
    "N/A";
    "<interactive>";
    "3bittest.v";
    "3bitup.v";
