#! /c/iverilog/bin/vvp
:ivl_version "0.9.7 " "(v0_9_7)";
:vpi_time_precision - 12;
:vpi_module "system";
:vpi_module "v2005_math";
:vpi_module "va_math";
S_01123550 .scope module, "DUT" "DUT" 2 2;
 .timescale -9 -12;
P_0120CE04 .param/l "DATA_WIDTH" 2 5, +C4<0100000>;
P_0120CE18 .param/l "FIFOHALF" 2 6, +C4<0100>;
P_0120CE2C .param/l "FIFO_DEPTH" 2 4, +C4<01000>;
v01130BB8_0 .var "clk", 0 0;
v01131240_0 .var "cs", 0 0;
v011312F0_0 .var "data_in", 31 0;
v01130C10_0 .net "data_out", 31 0, v01203288_0; 1 drivers
v01130C68_0 .net "empty", 0 0, L_01131190; 1 drivers
v01131030_0 .net "full", 0 0, L_01125560; 1 drivers
v01130F80_0 .var/i "k", 31 0;
v01130CC0_0 .var "rd_en", 0 0;
v01130D18_0 .var "rst", 0 0;
v01130ED0_0 .var "wr_en", 0 0;
E_011258D0 .event posedge, v0120B600_0;
S_01122D58 .scope module, "F1" "FIFOSYNC" 2 13, 3 2, S_01123550;
 .timescale -9 -12;
P_0120D044 .param/l "DATA_WIDTH" 3 4, +C4<0100000>;
P_0120D058 .param/l "FIFO_DEPTH" 3 3, +C4<01000>;
P_0120D06C .param/l "FIFO_DEPTHLOG" 3 5, +C4<00000000000000000000000000000011>;
L_01125330 .functor NOT 1, L_011310E0, C4<0>, C4<0>, C4<0>;
L_011254F0 .functor XNOR 1, L_01130F28, L_01125330, C4<0>, C4<0>;
L_01125560 .functor AND 1, L_011254F0, L_011615B8, C4<1>, C4<1>;
v012037F0_0 .net *"_s11", 2 0, L_01131138; 1 drivers
v01203848_0 .net *"_s13", 2 0, L_01130FD8; 1 drivers
v011243C8_0 .net *"_s14", 0 0, L_011615B8; 1 drivers
v01124420_0 .net *"_s3", 0 0, L_01130F28; 1 drivers
v0120A6D0_0 .net *"_s5", 0 0, L_011310E0; 1 drivers
v0120A728_0 .net *"_s6", 0 0, L_01125330; 1 drivers
v0120B5A8_0 .net *"_s8", 0 0, L_011254F0; 1 drivers
v0120B600_0 .net "clk", 0 0, v01130BB8_0; 1 drivers
v0120B658_0 .net "cs", 0 0, v01131240_0; 1 drivers
v01203230_0 .net "data_in", 31 0, v011312F0_0; 1 drivers
v01203288_0 .var "data_out", 31 0;
v012032E0_0 .alias "empty", 0 0, v01130C68_0;
v01130D70 .array "fifo", 0 7, 31 0;
v01130E78_0 .alias "full", 0 0, v01131030_0;
v01131088_0 .var "rd_addr", 3 0;
v01130DC8_0 .net "rd_en", 0 0, v01130CC0_0; 1 drivers
v01130E20_0 .net "rst", 0 0, v01130D18_0; 1 drivers
v01131298_0 .var "wr_addr", 3 0;
v011311E8_0 .net "wr_en", 0 0, v01130ED0_0; 1 drivers
E_011259D0/0 .event negedge, v01130E20_0;
E_011259D0/1 .event posedge, v0120B600_0;
E_011259D0 .event/or E_011259D0/0, E_011259D0/1;
L_01131190 .cmp/eq 4, v01131298_0, v01131088_0;
L_01130F28 .part v01131298_0, 3, 1;
L_011310E0 .part v01131088_0, 3, 1;
L_01131138 .part v01131298_0, 0, 3;
L_01130FD8 .part v01131088_0, 0, 3;
L_011615B8 .cmp/eq 3, L_01131138, L_01130FD8;
    .scope S_01122D58;
T_0 ;
    %wait E_011259D0;
    %load/v 8, v01130E20_0, 1;
    %inv 8, 1;
    %jmp/0xz  T_0.0, 8;
    %ix/load 0, 4, 0;
    %assign/v0 v01131298_0, 0, 0;
    %jmp T_0.1;
T_0.0 ;
    %load/v 8, v0120B658_0, 1;
    %load/v 9, v011311E8_0, 1;
    %and 8, 9, 1;
    %load/v 9, v01130E78_0, 1;
    %inv 9, 1;
    %and 8, 9, 1;
    %jmp/0xz  T_0.2, 8;
    %load/v 8, v01203230_0, 32;
    %load/v 40, v01131298_0, 3; Only need 3 of 4 bits
; Save base=40 wid=3 in lookaside.
    %ix/get 3, 40, 3;
    %jmp/1 t_0, 4;
    %ix/load 0, 32, 0; word width
    %ix/load 1, 0, 0; part off
    %assign/av v01130D70, 0, 8;
t_0 ;
    %load/v 8, v01131298_0, 4;
    %mov 12, 0, 28;
    %addi 8, 1, 32;
    %ix/load 0, 4, 0;
    %assign/v0 v01131298_0, 0, 8;
T_0.2 ;
T_0.1 ;
    %jmp T_0;
    .thread T_0;
    .scope S_01122D58;
T_1 ;
    %wait E_011259D0;
    %load/v 8, v01130E20_0, 1;
    %inv 8, 1;
    %jmp/0xz  T_1.0, 8;
    %ix/load 0, 4, 0;
    %assign/v0 v01131088_0, 0, 0;
    %jmp T_1.1;
T_1.0 ;
    %load/v 8, v0120B658_0, 1;
    %load/v 9, v01130DC8_0, 1;
    %and 8, 9, 1;
    %load/v 9, v012032E0_0, 1;
    %inv 9, 1;
    %and 8, 9, 1;
    %jmp/0xz  T_1.2, 8;
    %load/v 40, v01131088_0, 3; Only need 3 of 4 bits
; Save base=40 wid=3 in lookaside.
    %ix/get 3, 40, 3;
    %load/av 8, v01130D70, 32;
    %ix/load 0, 32, 0;
    %assign/v0 v01203288_0, 0, 8;
    %load/v 8, v01131088_0, 4;
    %mov 12, 0, 28;
    %addi 8, 1, 32;
    %ix/load 0, 4, 0;
    %assign/v0 v01131088_0, 0, 8;
T_1.2 ;
T_1.1 ;
    %jmp T_1;
    .thread T_1;
    .scope S_01123550;
T_2 ;
    %delay 5000, 0;
    %load/v 8, v01130BB8_0, 1;
    %inv 8, 1;
    %set/v v01130BB8_0, 8, 1;
    %jmp T_2;
    .thread T_2;
    .scope S_01123550;
T_3 ;
    %set/v v01130BB8_0, 0, 1;
    %set/v v01130D18_0, 0, 1;
    %set/v v01131240_0, 0, 1;
    %set/v v01130CC0_0, 0, 1;
    %set/v v01130ED0_0, 0, 1;
    %vpi_call 2 24 "$display", "time : %d, Empty : %d", $time, v01130C68_0;
    %delay 10000, 0;
    %set/v v01130D18_0, 1, 1;
    %set/v v01130ED0_0, 1, 1;
    %set/v v01131240_0, 1, 1;
    %set/v v01130F80_0, 0, 32;
T_3.0 ;
    %load/v 8, v01130F80_0, 32;
   %cmpi/s 8, 8, 32;
    %jmp/0xz T_3.1, 5;
    %wait E_011258D0;
    %load/v 8, v01130F80_0, 32;
    %muli 8, 2, 32;
    %ix/load 0, 32, 0;
    %assign/v0 v011312F0_0, 0, 8;
    %ix/load 0, 1, 0;
    %load/vp0/s 8, v01130F80_0, 32;
    %set/v v01130F80_0, 8, 32;
    %jmp T_3.0;
T_3.1 ;
    %wait E_011258D0;
    %set/v v01130ED0_0, 0, 1;
    %vpi_call 2 36 "$display", "time : %d, Full : %d, Empty : %d", $time, v01131030_0, v01130C68_0;
    %wait E_011258D0;
    %set/v v01130ED0_0, 1, 1;
    %movi 8, 2, 3;
T_3.2 %cmp/s 0, 8, 3;
    %jmp/0xz T_3.3, 5;
    %add 8, 1, 3;
    %wait E_011258D0;
    %load/v 11, v01130F80_0, 32;
    %muli 11, 3, 32;
    %ix/load 0, 32, 0;
    %assign/v0 v011312F0_0, 0, 11;
    %vpi_call 2 46 "$display", "Time : %d , FIFOvalue : %d", $time, &A<v01130D70, 1>;
    %jmp T_3.2;
T_3.3 ;
    %set/v v01130ED0_0, 0, 1;
    %delay 1000, 0;
    %set/v v01130D18_0, 0, 1;
    %delay 1000, 0;
    %set/v v01130D18_0, 1, 1;
    %set/v v01130F80_0, 0, 32;
    %set/v v01130ED0_0, 1, 1;
    %load/v 8, v01130F80_0, 32;
    %muli 8, 4, 32;
    %ix/load 0, 32, 0;
    %assign/v0 v011312F0_0, 0, 8;
    %wait E_011258D0;
    %movi 8, 1, 32;
    %set/v v01130F80_0, 8, 32;
T_3.4 ;
    %load/v 8, v01130F80_0, 32;
   %cmpi/s 8, 3, 32;
    %jmp/0xz T_3.5, 5;
    %wait E_011258D0;
    %load/v 8, v01130F80_0, 32;
    %muli 8, 4, 32;
    %ix/load 0, 32, 0;
    %assign/v0 v011312F0_0, 0, 8;
    %ix/load 0, 1, 0;
    %load/vp0/s 8, v01130F80_0, 32;
    %set/v v01130F80_0, 8, 32;
    %jmp T_3.4;
T_3.5 ;
    %vpi_call 2 63 "$display", "Time : %d , FIFOvalue : %d", $time, &A<v01130D70, 2>;
    %wait E_011258D0;
    %set/v v01130CC0_0, 1, 1;
    %set/v v01130ED0_0, 0, 1;
    %delay 60000, 0;
    %set/v v01130CC0_0, 0, 1;
    %vpi_call 2 69 "$display", "Time : %d , FIFOvalue : %d", $time, &A<v01130D70, 1>;
    %delay 20000, 0;
    %vpi_call 2 70 "$finish";
    %end;
    .thread T_3;
    .scope S_01123550;
T_4 ;
    %vpi_call 2 74 "$monitor", "Time : %d, D_in : %d, D_out : %d", $time, v011312F0_0, v01130C10_0;
    %vpi_call 2 75 "$dumpvars", 1'sb0, S_01123550;
    %vpi_call 2 75 "$dumpfile", "dump.vcd";
    %end;
    .thread T_4;
# The file index is used to find the file name in the following table.
:file_names 4;
    "N/A";
    "<interactive>";
    "fifosyntest.v";
    "fifosync.v";
