#! /c/iverilog/bin/vvp
:ivl_version "0.9.7 " "(v0_9_7)";
:vpi_time_precision - 12;
:vpi_module "system";
:vpi_module "v2005_math";
:vpi_module "va_math";
S_0118B368 .scope module, "DUT" "DUT" 2 1;
 .timescale -9 -12;
v011C0F10_0 .net "MUL", 7 0, L_012007E0; 1 drivers
v011C0D58_0 .net "Q0", 0 0, L_01200788; 1 drivers
v011C06D0_0 .net "addsub", 0 0, v0118B670_0; 1 drivers
v011C0468_0 .var "clk", 0 0;
v011C04C0_0 .net "clrA", 0 0, v01183D48_0; 1 drivers
v011C05C8_0 .net "clrQ", 0 0, v011C38A8_0; 1 drivers
v011C0620_0 .net "clrff", 0 0, v011C3900_0; 1 drivers
v011C0728_0 .net "count", 4 0, v011C0288_0; 1 drivers
v011C0780_0 .var "data_in", 4 0;
v012008E8_0 .net "decr", 0 0, v011CE178_0; 1 drivers
v01200368_0 .net "done", 0 0, v011CE1D0_0; 1 drivers
v01200AF8_0 .net "ldA", 0 0, v011CE228_0; 1 drivers
v01200418_0 .net "ldM", 0 0, v011CC520_0; 1 drivers
v01200838_0 .net "ldQ", 0 0, v011CC578_0; 1 drivers
v012006D8_0 .net "ldcnt", 0 0, v011CC5D0_0; 1 drivers
v01200310_0 .net "qm1", 0 0, v011C0020_0; 1 drivers
v01200890_0 .net "sftA", 0 0, v011BFDB8_0; 1 drivers
v01200470_0 .net "sftQ", 0 0, v011C02E0_0; 1 drivers
v012003C0_0 .var "start", 0 0;
S_0118AEA0 .scope module, "B1" "BM" 2 9, 3 2, S_0118B368;
 .timescale -9 -12;
v011C0D00_0 .net "A", 4 0, v011C1178_0; 1 drivers
v011C0B48_0 .net "M", 4 0, v011C0338_0; 1 drivers
v011C0E60_0 .alias "MUL", 7 0, v011C0F10_0;
v011C0BA0_0 .net "Q", 4 0, v011C1120_0; 1 drivers
v011C0BF8_0 .alias "Q0", 0 0, v011C0D58_0;
v011C0AF0_0 .net "Z", 4 0, v011BFE68_0; 1 drivers
v011C07D8_0 .alias "addsub", 0 0, v011C06D0_0;
v011C0CA8_0 .net "clk", 0 0, v011C0468_0; 1 drivers
v011C08E0_0 .alias "clrA", 0 0, v011C04C0_0;
v011C0EB8_0 .alias "clrQ", 0 0, v011C05C8_0;
v011C0678_0 .alias "clrff", 0 0, v011C0620_0;
v011C0A98_0 .alias "count", 4 0, v011C0728_0;
v011C0938_0 .net "data_in", 4 0, v011C0780_0; 1 drivers
v011C0A40_0 .alias "decr", 0 0, v012008E8_0;
v011C0888_0 .alias "ldA", 0 0, v01200AF8_0;
v011C0990_0 .alias "ldM", 0 0, v01200418_0;
v011C0518_0 .alias "ldQ", 0 0, v01200838_0;
v011C0830_0 .alias "ldcnt", 0 0, v012006D8_0;
v011C0570_0 .alias "qm1", 0 0, v01200310_0;
v011C09E8_0 .alias "sftA", 0 0, v01200890_0;
v011C0E08_0 .alias "sftQ", 0 0, v01200470_0;
L_01200788 .part v011C1120_0, 0, 1;
L_01200940 .part v011C1178_0, 4, 1;
L_01200578 .part v011C1178_0, 0, 1;
L_01200158 .part v011C1120_0, 0, 1;
S_011FF028 .scope module, "ot" "out" 3 11, 4 2, S_0118AEA0;
 .timescale -9 -12;
v011C12D8_0 .net *"_s0", 9 0, L_012002B8; 1 drivers
v011C13E0_0 .alias "in1", 4 0, v011C0D00_0;
v011C0DB0_0 .alias "in2", 4 0, v011C0BA0_0;
v011C0C50_0 .alias "out", 7 0, v011C0F10_0;
L_012002B8 .concat [ 5 5 0 0], v011C1120_0, v011C1178_0;
L_012007E0 .part L_012002B8, 0, 8;
S_0118A8C8 .scope module, "AR" "shiftreg" 3 12, 5 2, S_0118AEA0;
 .timescale -9 -12;
v011C1388_0 .alias "clk", 0 0, v011C0CA8_0;
v011C1018_0 .alias "clr", 0 0, v011C04C0_0;
v011C1330_0 .alias "din", 4 0, v011C0AF0_0;
v011C1178_0 .var "dout", 4 0;
v011C0F68_0 .net "in1", 0 0, L_01200940; 1 drivers
v011C0FC0_0 .alias "ld", 0 0, v01200AF8_0;
v011C1228_0 .alias "sft", 0 0, v01200890_0;
S_0118A840 .scope module, "QL" "shiftreg" 3 13, 5 2, S_0118AEA0;
 .timescale -9 -12;
v011BFD60_0 .alias "clk", 0 0, v011C0CA8_0;
v011BFE10_0 .alias "clr", 0 0, v011C05C8_0;
v011C10C8_0 .alias "din", 4 0, v011C0938_0;
v011C1120_0 .var "dout", 4 0;
v011C11D0_0 .net "in1", 0 0, L_01200578; 1 drivers
v011C1070_0 .alias "ld", 0 0, v01200838_0;
v011C1280_0 .alias "sft", 0 0, v01200470_0;
S_0118ABF8 .scope module, "CNT" "CNTR" 3 14, 6 2, S_0118AEA0;
 .timescale -9 -12;
v011C0078_0 .alias "clk", 0 0, v011C0CA8_0;
v011C01D8_0 .alias "dec", 0 0, v012008E8_0;
v011C0288_0 .var "dout", 4 0;
v011C0390_0 .alias "ld", 0 0, v012006D8_0;
S_0118A730 .scope module, "ML" "PIPO" 3 15, 7 2, S_0118AEA0;
 .timescale -9 -12;
v011BFFC8_0 .alias "clk", 0 0, v011C0CA8_0;
v011C0230_0 .alias "din", 4 0, v011C0938_0;
v011C0338_0 .var "dout", 4 0;
v011C0180_0 .alias "ld", 0 0, v01200418_0;
S_0118AF28 .scope module, "ADSB" "ALU" 3 16, 8 2, S_0118AEA0;
 .timescale -9 -12;
v011C0128_0 .alias "as", 0 0, v011C06D0_0;
v011BFCB0_0 .alias "in1", 4 0, v011C0D00_0;
v011BFF70_0 .alias "in2", 4 0, v011C0B48_0;
v011BFE68_0 .var "out", 4 0;
E_011B7D10 .event edge, v0118B670_0, v011BFCB0_0, v011BFF70_0;
S_0118B3F0 .scope module, "dff" "DFF" 3 17, 9 2, S_0118AEA0;
 .timescale -9 -12;
v011BFC58_0 .alias "clk", 0 0, v011C0CA8_0;
v011BFD08_0 .alias "clr", 0 0, v011C0620_0;
v011BFF18_0 .net "din", 0 0, L_01200158; 1 drivers
v011C0020_0 .var "dout", 0 0;
S_0118B0C0 .scope module, "C1" "controller" 2 10, 10 2, S_0118B368;
 .timescale -9 -12;
P_0118B734 .param/l "S0" 10 8, C4<000>;
P_0118B748 .param/l "S1" 10 8, C4<001>;
P_0118B75C .param/l "S2" 10 8, C4<010>;
P_0118B770 .param/l "S3" 10 8, C4<011>;
P_0118B784 .param/l "S4" 10 8, C4<100>;
P_0118B798 .param/l "S5" 10 8, C4<101>;
P_0118B7AC .param/l "S6" 10 8, C4<110>;
P_0118B7C0 .param/l "S7" 10 8, C4<111>;
v0118B5B0_0 .alias "Q0", 0 0, v011C0D58_0;
v0118B670_0 .var "addsub", 0 0;
v0118B850_0 .alias "clk", 0 0, v011C0CA8_0;
v01183D48_0 .var "clrA", 0 0;
v011C38A8_0 .var "clrQ", 0 0;
v011C3900_0 .var "clrff", 0 0;
v011C3958_0 .alias "count", 4 0, v011C0728_0;
v011CE178_0 .var "decr", 0 0;
v011CE1D0_0 .var "done", 0 0;
v011CE228_0 .var "ldA", 0 0;
v011CC520_0 .var "ldM", 0 0;
v011CC578_0 .var "ldQ", 0 0;
v011CC5D0_0 .var "ldcnt", 0 0;
v011C6C90_0 .alias "qm1", 0 0, v01200310_0;
v011BFDB8_0 .var "sftA", 0 0;
v011C02E0_0 .var "sftQ", 0 0;
v011BFEC0_0 .net "start", 0 0, v012003C0_0; 1 drivers
v011C00D0_0 .var "state", 2 0;
E_011B7C90 .event edge, v011C00D0_0;
E_011B7CF0 .event posedge, v0118B850_0;
    .scope S_0118A8C8;
T_0 ;
    %wait E_011B7CF0;
    %load/v 8, v011C1018_0, 1;
    %jmp/0xz  T_0.0, 8;
    %ix/load 0, 5, 0;
    %assign/v0 v011C1178_0, 0, 0;
    %jmp T_0.1;
T_0.0 ;
    %load/v 8, v011C0FC0_0, 1;
    %jmp/0xz  T_0.2, 8;
    %load/v 8, v011C1330_0, 5;
    %ix/load 0, 5, 0;
    %assign/v0 v011C1178_0, 0, 8;
    %jmp T_0.3;
T_0.2 ;
    %load/v 8, v011C1228_0, 1;
    %jmp/0xz  T_0.4, 8;
    %ix/load 1, 1, 0;
    %mov 4, 0, 1;
    %jmp/1 T_0.6, 4;
    %load/x1p 13, v011C1178_0, 4;
    %jmp T_0.7;
T_0.6 ;
    %mov 13, 2, 4;
T_0.7 ;
    %mov 8, 13, 4; Move signal select into place
    %load/v 12, v011C0F68_0, 1;
    %ix/load 0, 5, 0;
    %assign/v0 v011C1178_0, 0, 8;
T_0.4 ;
T_0.3 ;
T_0.1 ;
    %jmp T_0;
    .thread T_0;
    .scope S_0118A840;
T_1 ;
    %wait E_011B7CF0;
    %load/v 8, v011BFE10_0, 1;
    %jmp/0xz  T_1.0, 8;
    %ix/load 0, 5, 0;
    %assign/v0 v011C1120_0, 0, 0;
    %jmp T_1.1;
T_1.0 ;
    %load/v 8, v011C1070_0, 1;
    %jmp/0xz  T_1.2, 8;
    %load/v 8, v011C10C8_0, 5;
    %ix/load 0, 5, 0;
    %assign/v0 v011C1120_0, 0, 8;
    %jmp T_1.3;
T_1.2 ;
    %load/v 8, v011C1280_0, 1;
    %jmp/0xz  T_1.4, 8;
    %ix/load 1, 1, 0;
    %mov 4, 0, 1;
    %jmp/1 T_1.6, 4;
    %load/x1p 13, v011C1120_0, 4;
    %jmp T_1.7;
T_1.6 ;
    %mov 13, 2, 4;
T_1.7 ;
    %mov 8, 13, 4; Move signal select into place
    %load/v 12, v011C11D0_0, 1;
    %ix/load 0, 5, 0;
    %assign/v0 v011C1120_0, 0, 8;
T_1.4 ;
T_1.3 ;
T_1.1 ;
    %jmp T_1;
    .thread T_1;
    .scope S_0118ABF8;
T_2 ;
    %wait E_011B7CF0;
    %load/v 8, v011C0390_0, 1;
    %jmp/0xz  T_2.0, 8;
    %movi 8, 5, 5;
    %ix/load 0, 5, 0;
    %assign/v0 v011C0288_0, 0, 8;
    %jmp T_2.1;
T_2.0 ;
    %load/v 8, v011C01D8_0, 1;
    %jmp/0xz  T_2.2, 8;
    %load/v 8, v011C0288_0, 5;
    %mov 13, 0, 27;
    %subi 8, 1, 32;
    %ix/load 0, 5, 0;
    %assign/v0 v011C0288_0, 0, 8;
T_2.2 ;
T_2.1 ;
    %jmp T_2;
    .thread T_2;
    .scope S_0118A730;
T_3 ;
    %wait E_011B7CF0;
    %load/v 8, v011C0180_0, 1;
    %jmp/0xz  T_3.0, 8;
    %load/v 8, v011C0230_0, 5;
    %ix/load 0, 5, 0;
    %assign/v0 v011C0338_0, 0, 8;
T_3.0 ;
    %jmp T_3;
    .thread T_3;
    .scope S_0118AF28;
T_4 ;
    %wait E_011B7D10;
    %load/v 8, v011C0128_0, 1;
    %mov 9, 0, 2;
    %cmpi/u 8, 1, 3;
    %jmp/0xz  T_4.0, 4;
    %load/v 8, v011BFCB0_0, 5;
    %load/v 13, v011BFF70_0, 5;
    %add 8, 13, 5;
    %set/v v011BFE68_0, 8, 5;
    %jmp T_4.1;
T_4.0 ;
    %load/v 8, v011C0128_0, 1;
    %mov 9, 0, 1;
    %cmpi/u 8, 0, 2;
    %jmp/0xz  T_4.2, 4;
    %load/v 8, v011BFCB0_0, 5;
    %load/v 13, v011BFF70_0, 5;
    %sub 8, 13, 5;
    %set/v v011BFE68_0, 8, 5;
T_4.2 ;
T_4.1 ;
    %jmp T_4;
    .thread T_4, $push;
    .scope S_0118B3F0;
T_5 ;
    %wait E_011B7CF0;
    %load/v 8, v011BFD08_0, 1;
    %jmp/0xz  T_5.0, 8;
    %ix/load 0, 1, 0;
    %assign/v0 v011C0020_0, 0, 0;
    %jmp T_5.1;
T_5.0 ;
    %load/v 8, v011BFF18_0, 1;
    %ix/load 0, 1, 0;
    %assign/v0 v011C0020_0, 0, 8;
T_5.1 ;
    %jmp T_5;
    .thread T_5;
    .scope S_0118B0C0;
T_6 ;
    %wait E_011B7CF0;
    %load/v 8, v011C00D0_0, 3;
    %cmpi/u 8, 0, 3;
    %jmp/1 T_6.0, 6;
    %cmpi/u 8, 1, 3;
    %jmp/1 T_6.1, 6;
    %cmpi/u 8, 2, 3;
    %jmp/1 T_6.2, 6;
    %cmpi/u 8, 3, 3;
    %jmp/1 T_6.3, 6;
    %cmpi/u 8, 4, 3;
    %jmp/1 T_6.4, 6;
    %cmpi/u 8, 5, 3;
    %jmp/1 T_6.5, 6;
    %cmpi/u 8, 6, 3;
    %jmp/1 T_6.6, 6;
    %cmpi/u 8, 7, 3;
    %jmp/1 T_6.7, 6;
    %ix/load 0, 3, 0;
    %assign/v0 v011C00D0_0, 0, 0;
    %jmp T_6.9;
T_6.0 ;
    %load/v 8, v011BFEC0_0, 1;
    %jmp/0xz  T_6.10, 8;
    %movi 8, 1, 3;
    %ix/load 0, 3, 0;
    %assign/v0 v011C00D0_0, 0, 8;
T_6.10 ;
    %jmp T_6.9;
T_6.1 ;
    %movi 8, 2, 3;
    %ix/load 0, 3, 0;
    %assign/v0 v011C00D0_0, 0, 8;
    %jmp T_6.9;
T_6.2 ;
    %movi 8, 3, 3;
    %ix/load 0, 3, 0;
    %assign/v0 v011C00D0_0, 0, 8;
    %jmp T_6.9;
T_6.3 ;
    %load/v 8, v011C3958_0, 5;
    %mov 13, 0, 1;
    %cmpi/u 8, 0, 6;
    %jmp/0xz  T_6.12, 4;
    %ix/load 0, 3, 0;
    %assign/v0 v011C00D0_0, 0, 1;
    %jmp T_6.13;
T_6.12 ;
    %load/v 8, v011C6C90_0, 1;
    %load/v 9, v0118B5B0_0, 1;
    %cmpi/u 8, 2, 2;
    %jmp/0xz  T_6.14, 4;
    %movi 8, 4, 3;
    %ix/load 0, 3, 0;
    %assign/v0 v011C00D0_0, 0, 8;
    %jmp T_6.15;
T_6.14 ;
    %load/v 8, v011C6C90_0, 1;
    %load/v 9, v0118B5B0_0, 1;
    %cmpi/u 8, 1, 2;
    %jmp/0xz  T_6.16, 4;
    %movi 8, 5, 3;
    %ix/load 0, 3, 0;
    %assign/v0 v011C00D0_0, 0, 8;
    %jmp T_6.17;
T_6.16 ;
    %load/v 8, v0118B5B0_0, 1;
    %load/v 9, v011C6C90_0, 1;
    %cmp/u 8, 9, 1;
    %jmp/0xz  T_6.18, 4;
    %movi 8, 6, 3;
    %ix/load 0, 3, 0;
    %assign/v0 v011C00D0_0, 0, 8;
T_6.18 ;
T_6.17 ;
T_6.15 ;
T_6.13 ;
    %jmp T_6.9;
T_6.4 ;
    %movi 8, 6, 3;
    %ix/load 0, 3, 0;
    %assign/v0 v011C00D0_0, 0, 8;
    %jmp T_6.9;
T_6.5 ;
    %movi 8, 6, 3;
    %ix/load 0, 3, 0;
    %assign/v0 v011C00D0_0, 0, 8;
    %jmp T_6.9;
T_6.6 ;
    %movi 8, 3, 3;
    %ix/load 0, 3, 0;
    %assign/v0 v011C00D0_0, 0, 8;
    %jmp T_6.9;
T_6.7 ;
    %ix/load 0, 3, 0;
    %assign/v0 v011C00D0_0, 0, 1;
    %jmp T_6.9;
T_6.9 ;
    %jmp T_6;
    .thread T_6;
    .scope S_0118B0C0;
T_7 ;
    %wait E_011B7C90;
    %load/v 8, v011C00D0_0, 3;
    %cmpi/u 8, 0, 3;
    %jmp/1 T_7.0, 6;
    %cmpi/u 8, 1, 3;
    %jmp/1 T_7.1, 6;
    %cmpi/u 8, 2, 3;
    %jmp/1 T_7.2, 6;
    %cmpi/u 8, 3, 3;
    %jmp/1 T_7.3, 6;
    %cmpi/u 8, 4, 3;
    %jmp/1 T_7.4, 6;
    %cmpi/u 8, 5, 3;
    %jmp/1 T_7.5, 6;
    %cmpi/u 8, 6, 3;
    %jmp/1 T_7.6, 6;
    %cmpi/u 8, 7, 3;
    %jmp/1 T_7.7, 6;
    %ix/load 0, 3, 0;
    %assign/v0 v011C00D0_0, 0, 0;
    %jmp T_7.9;
T_7.0 ;
    %delay 1000, 0;
    %set/v v01183D48_0, 1, 1;
    %set/v v011C3900_0, 1, 1;
    %set/v v011CC520_0, 1, 1;
    %set/v v011C38A8_0, 1, 1;
    %set/v v011CC5D0_0, 1, 1;
    %jmp T_7.9;
T_7.1 ;
    %delay 1000, 0;
    %set/v v011C38A8_0, 0, 1;
    %set/v v01183D48_0, 0, 1;
    %set/v v011C3900_0, 0, 1;
    %set/v v011CC520_0, 0, 1;
    %set/v v011CC578_0, 1, 1;
    %set/v v011CC5D0_0, 0, 1;
    %jmp T_7.9;
T_7.2 ;
    %delay 1000, 0;
    %set/v v011CE178_0, 0, 1;
    %set/v v011CC578_0, 0, 1;
    %set/v v011BFDB8_0, 0, 1;
    %set/v v011C02E0_0, 0, 1;
    %jmp T_7.9;
T_7.3 ;
    %delay 1000, 0;
    %set/v v011CE178_0, 0, 1;
    %set/v v011BFDB8_0, 0, 1;
    %set/v v011C02E0_0, 0, 1;
    %jmp T_7.9;
T_7.4 ;
    %delay 1000, 0;
    %set/v v011CE178_0, 0, 1;
    %set/v v0118B670_0, 0, 1;
    %set/v v011CE228_0, 1, 1;
    %set/v v011BFDB8_0, 0, 1;
    %set/v v011C02E0_0, 0, 1;
    %jmp T_7.9;
T_7.5 ;
    %delay 1000, 0;
    %set/v v011CE178_0, 0, 1;
    %set/v v0118B670_0, 1, 1;
    %set/v v011CE228_0, 1, 1;
    %set/v v011BFDB8_0, 0, 1;
    %set/v v011C02E0_0, 0, 1;
    %jmp T_7.9;
T_7.6 ;
    %delay 1000, 0;
    %set/v v011CE178_0, 1, 1;
    %set/v v011CE228_0, 0, 1;
    %set/v v011BFDB8_0, 1, 1;
    %set/v v011C02E0_0, 1, 1;
    %jmp T_7.9;
T_7.7 ;
    %delay 1000, 0;
    %set/v v011CE1D0_0, 1, 1;
    %jmp T_7.9;
T_7.9 ;
    %jmp T_7;
    .thread T_7, $push;
    .scope S_0118B368;
T_8 ;
    %set/v v011C0468_0, 0, 1;
    %delay 3000, 0;
    %set/v v012003C0_0, 1, 1;
    %delay 500000, 0;
    %vpi_call 2 15 "$finish";
    %end;
    .thread T_8;
    .scope S_0118B368;
T_9 ;
    %delay 5000, 0;
    %load/v 8, v011C0468_0, 1;
    %inv 8, 1;
    %set/v v011C0468_0, 8, 1;
    %jmp T_9;
    .thread T_9;
    .scope S_0118B368;
T_10 ;
    %delay 14000, 0;
    %movi 8, 11, 5;
    %set/v v011C0780_0, 8, 5;
    %delay 10000, 0;
    %movi 8, 6, 5;
    %set/v v011C0780_0, 8, 5;
    %end;
    .thread T_10;
    .scope S_0118B368;
T_11 ;
    %vpi_call 2 26 "$monitor", "time=%0t done=%b ", $time, v01200368_0;
    %vpi_call 2 27 "$dumpfile", "booth.vcd";
    %vpi_call 2 27 "$dumpvars", 1'sb0, S_0118B368;
    %end;
    .thread T_11;
# The file index is used to find the file name in the following table.
:file_names 11;
    "N/A";
    "<interactive>";
    "boothtest.v";
    "datapath.v";
    "out.v";
    "shiftreg.v";
    "cntr.v";
    "M.v";
    "ALU.v";
    "Q.v";
    "controller.v";
