#! /c/iverilog/bin/vvp
:ivl_version "0.9.7 " "(v0_9_7)";
:vpi_time_precision - 12;
:vpi_module "system";
:vpi_module "v2005_math";
:vpi_module "va_math";
S_01121F00 .scope module, "mul_test" "mul_test" 2 2;
 .timescale -9 -12;
v01130B88_0 .net "Mul", 31 0, v0112F878_0; 1 drivers
v01130818_0 .var "clk", 0 0;
v01130870_0 .net "clrP", 0 0, v0128B398_0; 1 drivers
v0112FF80_0 .var "data_in", 15 0;
v01130298_0 .net "decB", 0 0, v01127918_0; 1 drivers
v011306B8_0 .net "done", 0 0, v01284FB8_0; 1 drivers
v0112FE20_0 .net "eqz", 0 0, L_011303A0; 1 drivers
v01130348_0 .net "ldA", 0 0, v01285068_0; 1 drivers
v0112FFD8_0 .net "ldB", 0 0, v0128D310_0; 1 drivers
v01130030_0 .net "ldP", 0 0, v0128D368_0; 1 drivers
v01130710_0 .var "start", 0 0;
S_01122670 .scope module, "DP" "datapath" 2 10, 3 2, S_01121F00;
 .timescale -9 -12;
L_01137418 .functor BUFZ 16, v0112FF80_0, C4<0000000000000000>, C4<0000000000000000>, C4<0000000000000000>;
L_01137648 .functor BUFZ 32, v0112F878_0, C4<00000000000000000000000000000000>, C4<00000000000000000000000000000000>, C4<00000000000000000000000000000000>;
v0112FAE0_0 .net "Bout", 15 0, v0112FB38_0; 1 drivers
v01130A80_0 .net "Bus_in", 15 0, L_01137418; 1 drivers
v01130920_0 .alias "Mul", 31 0, v01130B88_0;
v01130D40_0 .net "X", 15 0, v0112F928_0; 1 drivers
v01130978_0 .net "Y", 31 0, v0112F7C8_0; 1 drivers
v01130C38_0 .net "Z", 31 0, L_01137648; 1 drivers
v01130C90_0 .net "clk", 0 0, v01130818_0; 1 drivers
v011309D0_0 .alias "clrP", 0 0, v01130870_0;
v01130A28_0 .net "data_in", 15 0, v0112FF80_0; 1 drivers
v011308C8_0 .alias "decB", 0 0, v01130298_0;
v01130CE8_0 .alias "eqz", 0 0, v0112FE20_0;
v01130AD8_0 .alias "ldA", 0 0, v01130348_0;
v01130B30_0 .alias "ldB", 0 0, v0112FFD8_0;
v01130BE0_0 .alias "ldP", 0 0, v01130030_0;
S_01121A38 .scope module, "A" "PIPO1" 3 12, 4 2, S_01122670;
 .timescale -9 -12;
v0112F980_0 .alias "clk", 0 0, v01130C90_0;
v0112F820_0 .alias "din", 15 0, v01130A80_0;
v0112F928_0 .var "dout", 15 0;
v0112F9D8_0 .alias "ld", 0 0, v01130348_0;
S_011219B0 .scope module, "P" "PIPO2" 3 13, 5 2, S_01122670;
 .timescale -9 -12;
v0112FC98_0 .alias "clk", 0 0, v01130C90_0;
v0112F718_0 .alias "clr", 0 0, v01130870_0;
v0112F610_0 .alias "din", 31 0, v01130B88_0;
v0112F7C8_0 .var "dout", 31 0;
v0112F668_0 .alias "ld", 0 0, v01130030_0;
E_01124B60 .event posedge, v0128B398_0, v0128ADE0_0;
S_011218A0 .scope module, "B" "CNTR" 3 14, 6 2, S_01122670;
 .timescale -9 -12;
v0112FBE8_0 .alias "clk", 0 0, v01130C90_0;
v0112F8D0_0 .alias "dec", 0 0, v01130298_0;
v0112F6C0_0 .alias "din", 15 0, v01130A80_0;
v0112FB38_0 .var "dout", 15 0;
v0112FC40_0 .alias "ld", 0 0, v0112FFD8_0;
S_01122230 .scope module, "AD" "ADD" 3 15, 7 2, S_01122670;
 .timescale -9 -12;
v0112FA30_0 .alias "in1", 15 0, v01130D40_0;
v0112F770_0 .alias "in2", 31 0, v01130978_0;
v0112F878_0 .var "out", 31 0;
E_01124C80 .event edge, v0112FA30_0, v0112F770_0;
S_01122918 .scope module, "COMP" "EQZ" 3 16, 8 2, S_01122670;
 .timescale -9 -12;
v01284D80_0 .net *"_s0", 16 0, L_01130138; 1 drivers
v0112FB90_0 .net *"_s3", 0 0, C4<0>; 1 drivers
v0112F5B8_0 .net *"_s4", 16 0, C4<00000000000000001>; 1 drivers
v0112FA88_0 .alias "din", 15 0, v0112FAE0_0;
v0112FCF0_0 .alias "eq", 0 0, v0112FE20_0;
L_01130138 .concat [ 16 1 0 0], v0112FB38_0, C4<0>;
L_011303A0 .cmp/eq 17, L_01130138, C4<00000000000000001>;
S_01122780 .scope module, "CON" "controller" 2 11, 9 2, S_01121F00;
 .timescale -9 -12;
P_011278AC .param/l "S0" 9 7, C4<001>;
P_011278C0 .param/l "S1" 9 7, C4<010>;
P_011278D4 .param/l "S2" 9 7, C4<011>;
P_011278E8 .param/l "S3" 9 7, C4<100>;
P_011278FC .param/l "S4" 9 7, C4<101>;
v0128ADE0_0 .alias "clk", 0 0, v01130C90_0;
v0128B398_0 .var "clrP", 0 0;
v01127918_0 .var "decB", 0 0;
v01284FB8_0 .var "done", 0 0;
v01285010_0 .alias "eqz", 0 0, v0112FE20_0;
v01285068_0 .var "ldA", 0 0;
v0128D310_0 .var "ldB", 0 0;
v0128D368_0 .var "ldP", 0 0;
v0128D3C0_0 .net "start", 0 0, v01130710_0; 1 drivers
v01284D28_0 .var "state", 2 0;
E_01124C40 .event edge, v01284D28_0;
E_01124A60 .event posedge, v0128ADE0_0;
    .scope S_01121A38;
T_0 ;
    %wait E_01124A60;
    %load/v 8, v0112F9D8_0, 1;
    %jmp/0xz  T_0.0, 8;
    %load/v 8, v0112F820_0, 16;
    %ix/load 0, 16, 0;
    %assign/v0 v0112F928_0, 0, 8;
T_0.0 ;
    %jmp T_0;
    .thread T_0;
    .scope S_011219B0;
T_1 ;
    %wait E_01124B60;
    %load/v 8, v0112F718_0, 1;
    %jmp/0xz  T_1.0, 8;
    %ix/load 0, 32, 0;
    %assign/v0 v0112F7C8_0, 0, 0;
    %jmp T_1.1;
T_1.0 ;
    %load/v 8, v0112F668_0, 1;
    %jmp/0xz  T_1.2, 8;
    %load/v 8, v0112F610_0, 32;
    %ix/load 0, 32, 0;
    %assign/v0 v0112F7C8_0, 0, 8;
T_1.2 ;
T_1.1 ;
    %jmp T_1;
    .thread T_1;
    .scope S_011218A0;
T_2 ;
    %wait E_01124A60;
    %load/v 8, v0112FC40_0, 1;
    %jmp/0xz  T_2.0, 8;
    %load/v 8, v0112F6C0_0, 16;
    %ix/load 0, 16, 0;
    %assign/v0 v0112FB38_0, 0, 8;
    %jmp T_2.1;
T_2.0 ;
    %load/v 8, v0112F8D0_0, 1;
    %jmp/0xz  T_2.2, 8;
    %load/v 8, v0112FB38_0, 16;
    %mov 24, 0, 16;
    %subi 8, 1, 32;
    %ix/load 0, 16, 0;
    %assign/v0 v0112FB38_0, 0, 8;
T_2.2 ;
T_2.1 ;
    %jmp T_2;
    .thread T_2;
    .scope S_01122230;
T_3 ;
    %wait E_01124C80;
    %load/v 8, v0112FA30_0, 16;
    %mov 24, 0, 16;
    %load/v 40, v0112F770_0, 32;
    %add 8, 40, 32;
    %set/v v0112F878_0, 8, 32;
    %jmp T_3;
    .thread T_3, $push;
    .scope S_01122780;
T_4 ;
    %wait E_01124A60;
    %load/v 8, v01284D28_0, 3;
    %cmpi/u 8, 1, 3;
    %jmp/1 T_4.0, 6;
    %cmpi/u 8, 2, 3;
    %jmp/1 T_4.1, 6;
    %cmpi/u 8, 3, 3;
    %jmp/1 T_4.2, 6;
    %cmpi/u 8, 4, 3;
    %jmp/1 T_4.3, 6;
    %cmpi/u 8, 5, 3;
    %jmp/1 T_4.4, 6;
    %movi 8, 1, 3;
    %ix/load 0, 3, 0;
    %assign/v0 v01284D28_0, 0, 8;
    %jmp T_4.6;
T_4.0 ;
    %load/v 8, v0128D3C0_0, 1;
    %jmp/0xz  T_4.7, 8;
    %movi 8, 2, 3;
    %ix/load 0, 3, 0;
    %assign/v0 v01284D28_0, 0, 8;
T_4.7 ;
    %jmp T_4.6;
T_4.1 ;
    %movi 8, 3, 3;
    %ix/load 0, 3, 0;
    %assign/v0 v01284D28_0, 0, 8;
    %jmp T_4.6;
T_4.2 ;
    %movi 8, 4, 3;
    %ix/load 0, 3, 0;
    %assign/v0 v01284D28_0, 0, 8;
    %jmp T_4.6;
T_4.3 ;
    %delay 2000, 0;
    %load/v 8, v01285010_0, 1;
    %jmp/0xz  T_4.9, 8;
    %movi 8, 5, 3;
    %ix/load 0, 3, 0;
    %assign/v0 v01284D28_0, 0, 8;
T_4.9 ;
    %jmp T_4.6;
T_4.4 ;
    %movi 8, 5, 3;
    %ix/load 0, 3, 0;
    %assign/v0 v01284D28_0, 0, 8;
    %jmp T_4.6;
T_4.6 ;
    %jmp T_4;
    .thread T_4;
    .scope S_01122780;
T_5 ;
    %wait E_01124C40;
    %load/v 8, v01284D28_0, 3;
    %cmpi/u 8, 1, 3;
    %jmp/1 T_5.0, 6;
    %cmpi/u 8, 2, 3;
    %jmp/1 T_5.1, 6;
    %cmpi/u 8, 3, 3;
    %jmp/1 T_5.2, 6;
    %cmpi/u 8, 4, 3;
    %jmp/1 T_5.3, 6;
    %cmpi/u 8, 5, 3;
    %jmp/1 T_5.4, 6;
    %delay 1000, 0;
    %set/v v01285068_0, 0, 1;
    %set/v v0128D310_0, 0, 1;
    %set/v v01127918_0, 0, 1;
    %set/v v0128D368_0, 0, 1;
    %set/v v0128B398_0, 0, 1;
    %set/v v01284FB8_0, 0, 1;
    %jmp T_5.6;
T_5.0 ;
    %delay 1000, 0;
    %set/v v01285068_0, 0, 1;
    %set/v v0128D310_0, 0, 1;
    %set/v v01127918_0, 0, 1;
    %set/v v0128D368_0, 0, 1;
    %set/v v0128B398_0, 0, 1;
    %set/v v01284FB8_0, 0, 1;
    %jmp T_5.6;
T_5.1 ;
    %delay 1000, 0;
    %set/v v01285068_0, 1, 1;
    %jmp T_5.6;
T_5.2 ;
    %delay 1000, 0;
    %set/v v01285068_0, 0, 1;
    %set/v v0128D310_0, 1, 1;
    %set/v v0128B398_0, 1, 1;
    %jmp T_5.6;
T_5.3 ;
    %delay 1000, 0;
    %set/v v0128D310_0, 0, 1;
    %set/v v0128B398_0, 0, 1;
    %set/v v01127918_0, 1, 1;
    %set/v v0128D368_0, 1, 1;
    %set/v v01285068_0, 0, 1;
    %jmp T_5.6;
T_5.4 ;
    %delay 1000, 0;
    %set/v v01284FB8_0, 1, 1;
    %set/v v0128D368_0, 0, 1;
    %set/v v01127918_0, 0, 1;
    %jmp T_5.6;
T_5.6 ;
    %jmp T_5;
    .thread T_5, $push;
    .scope S_01121F00;
T_6 ;
    %set/v v01130818_0, 0, 1;
    %delay 3000, 0;
    %set/v v01130710_0, 1, 1;
    %delay 97000, 0;
    %vpi_call 2 17 "$finish";
    %end;
    .thread T_6;
    .scope S_01121F00;
T_7 ;
    %delay 5000, 0;
    %load/v 8, v01130818_0, 1;
    %inv 8, 1;
    %set/v v01130818_0, 8, 1;
    %jmp T_7;
    .thread T_7;
    .scope S_01121F00;
T_8 ;
    %delay 24000, 0;
    %movi 8, 17, 16;
    %set/v v0112FF80_0, 8, 16;
    %delay 10000, 0;
    %movi 8, 5, 16;
    %set/v v0112FF80_0, 8, 16;
    %end;
    .thread T_8;
    .scope S_01121F00;
T_9 ;
    %vpi_call 2 29 "$monitor", "time=%0t X=%d Y=%d Mul=%d done=%b", $time, v01130D40_0, v01130978_0, v01130B88_0, v011306B8_0;
    %vpi_call 2 30 "$dumpfile", "mul.vcd";
    %vpi_call 2 30 "$dumpvars", 1'sb0, S_01121F00;
    %end;
    .thread T_9;
# The file index is used to find the file name in the following table.
:file_names 10;
    "N/A";
    "<interactive>";
    "mul_test.v";
    "multiplier.v";
    "A.v";
    "P.v";
    "B.v";
    "adder.v";
    "EQZ.v";
    "controller.v";
