#! /c/iverilog/bin/vvp
:ivl_version "0.9.7 " "(v0_9_7)";
:vpi_time_precision - 12;
:vpi_module "system";
:vpi_module "v2005_math";
:vpi_module "va_math";
S_01158588 .scope module, "DUT" "DUT" 2 2;
 .timescale -9 -12;
v011B8D00_0 .var "X", 3 0;
v011B9070_0 .var "Y", 3 0;
v011B8F10_0 .net "Z", 7 0, v0115B568_0; 1 drivers
v011B9178_0 .var "clk", 0 0;
v011B8F68_0 .var "rst", 0 0;
v011B91D0_0 .var "start", 0 0;
v011B9120_0 .net "valid", 0 0, v0115B8F0_0; 1 drivers
S_011587A8 .scope module, "B1" "booth" 2 9, 3 2, S_01158588;
 .timescale -9 -12;
P_01158A3C .param/l "IDLE" 3 13, C4<0>;
P_01158A50 .param/l "START" 3 13, C4<1>;
v0115EED8_0 .net/s "X", 3 0, v011B8D00_0; 1 drivers
v01153EA0_0 .net/s "Y", 3 0, v011B9070_0; 1 drivers
v0115B568_0 .var/s "Z", 7 0;
v0115B5C0_0 .net "clk", 0 0, v011B9178_0; 1 drivers
v0115B618_0 .var "count", 1 0;
v01191718_0 .var/s "next_Z", 7 0;
v01191770_0 .var "next_count", 1 0;
v011917C8_0 .var "next_state", 0 0;
v01191820_0 .var "next_temp", 1 0;
v011514F0_0 .var "next_valid", 0 0;
v01151548_0 .var "pre_state", 0 0;
v011515A0_0 .net "rst", 0 0, v011B8F68_0; 1 drivers
v011515F8_0 .net "start", 0 0, v011B91D0_0; 1 drivers
v0115B7F8_0 .var "temp", 1 0;
v0115B850_0 .var/s "temp_Z", 7 0;
v0115B8F0_0 .var "valid", 0 0;
E_01159C70/0 .event edge, v01151548_0, v011515F8_0, v0115EED8_0, v0115B7F8_0;
E_01159C70/1 .event edge, v0115B568_0, v01153EA0_0, v0115B618_0, v0115B850_0;
E_01159C70 .event/or E_01159C70/0, E_01159C70/1;
E_011599F0/0 .event negedge, v011515A0_0;
E_011599F0/1 .event posedge, v0115B5C0_0;
E_011599F0 .event/or E_011599F0/0, E_011599F0/1;
    .scope S_011587A8;
T_0 ;
    %wait E_011599F0;
    %load/v 8, v011515A0_0, 1;
    %inv 8, 1;
    %jmp/0xz  T_0.0, 8;
    %ix/load 0, 8, 0;
    %assign/v0 v0115B568_0, 0, 0;
    %ix/load 0, 1, 0;
    %assign/v0 v01151548_0, 0, 0;
    %ix/load 0, 1, 0;
    %assign/v0 v0115B8F0_0, 0, 0;
    %ix/load 0, 2, 0;
    %assign/v0 v0115B618_0, 0, 0;
    %ix/load 0, 2, 0;
    %assign/v0 v0115B7F8_0, 0, 0;
    %jmp T_0.1;
T_0.0 ;
    %load/v 8, v01191718_0, 8;
    %ix/load 0, 8, 0;
    %assign/v0 v0115B568_0, 0, 8;
    %load/v 8, v011917C8_0, 1;
    %ix/load 0, 1, 0;
    %assign/v0 v01151548_0, 0, 8;
    %load/v 8, v011514F0_0, 1;
    %ix/load 0, 1, 0;
    %assign/v0 v0115B8F0_0, 0, 8;
    %load/v 8, v01191770_0, 2;
    %ix/load 0, 2, 0;
    %assign/v0 v0115B618_0, 0, 8;
    %load/v 8, v01191820_0, 2;
    %ix/load 0, 2, 0;
    %assign/v0 v0115B7F8_0, 0, 8;
T_0.1 ;
    %jmp T_0;
    .thread T_0;
    .scope S_011587A8;
T_1 ;
    %wait E_01159C70;
    %load/v 8, v01151548_0, 1;
    %cmpi/u 8, 0, 1;
    %jmp/1 T_1.0, 6;
    %cmpi/u 8, 1, 1;
    %jmp/1 T_1.1, 6;
    %jmp T_1.2;
T_1.0 ;
    %set/v v01191770_0, 0, 2;
    %set/v v011514F0_0, 0, 1;
    %load/v 8, v011515F8_0, 1;
    %jmp/0xz  T_1.3, 8;
    %set/v v011917C8_0, 1, 1;
    %mov 8, 0, 1;
    %load/v 9, v0115EED8_0, 1; Select 1 out of 4 bits
    %set/v v01191820_0, 8, 2;
    %load/v 8, v0115EED8_0, 4;
    %mov 12, 0, 4;
    %set/v v01191718_0, 8, 8;
    %jmp T_1.4;
T_1.3 ;
    %load/v 8, v01151548_0, 1;
    %set/v v011917C8_0, 8, 1;
    %set/v v01191820_0, 0, 2;
    %set/v v01191718_0, 0, 8;
T_1.4 ;
    %jmp T_1.2;
T_1.1 ;
    %load/v 8, v0115B7F8_0, 2;
    %cmpi/u 8, 2, 2;
    %jmp/1 T_1.5, 6;
    %cmpi/u 8, 1, 2;
    %jmp/1 T_1.6, 6;
    %load/v 8, v0115B568_0, 8;
    %set/v v0115B850_0, 8, 8;
    %jmp T_1.8;
T_1.5 ;
    %load/v 8, v0115B568_0, 4; Select 4 out of 8 bits
    %ix/load 1, 4, 0;
    %mov 4, 0, 1;
    %jmp/1 T_1.9, 4;
    %load/x1p 16, v0115B568_0, 4;
    %jmp T_1.10;
T_1.9 ;
    %mov 16, 2, 4;
T_1.10 ;
; Save base=16 wid=4 in lookaside.
    %load/v 20, v01153EA0_0, 4;
    %sub 16, 20, 4;
    %mov 12, 16, 4;
    %set/v v0115B850_0, 8, 8;
    %jmp T_1.8;
T_1.6 ;
    %load/v 8, v0115B568_0, 4; Select 4 out of 8 bits
    %ix/load 1, 4, 0;
    %mov 4, 0, 1;
    %jmp/1 T_1.11, 4;
    %load/x1p 16, v0115B568_0, 4;
    %jmp T_1.12;
T_1.11 ;
    %mov 16, 2, 4;
T_1.12 ;
; Save base=16 wid=4 in lookaside.
    %load/v 20, v01153EA0_0, 4;
    %add 16, 20, 4;
    %mov 12, 16, 4;
    %set/v v0115B850_0, 8, 8;
    %jmp T_1.8;
T_1.8 ;
    %ix/getv 1, v0115B618_0;
    %jmp/1 T_1.13, 4;
    %load/x1p 10, v0115EED8_0, 1;
    %jmp T_1.14;
T_1.13 ;
    %mov 10, 2, 1;
T_1.14 ;
    %mov 8, 10, 1; Move signal select into place
    %ix/load 0, 1, 0;
    %load/vp0 10, v0115B618_0, 32;
    %ix/get 1, 10, 32;
    %jmp/1 T_1.15, 4;
    %load/x1p 10, v0115EED8_0, 1;
    %jmp T_1.16;
T_1.15 ;
    %mov 10, 2, 1;
T_1.16 ;
    %mov 9, 10, 1; Move signal select into place
    %set/v v01191820_0, 8, 2;
    %load/v 8, v0115B618_0, 2;
    %mov 10, 0, 30;
    %addi 8, 1, 32;
    %set/v v01191770_0, 8, 2;
    %load/v 8, v0115B850_0, 8;
    %ix/load 0, 1, 0;
    %mov 4, 0, 1;
    %shiftr/s/i0  8, 8;
    %set/v v01191718_0, 8, 8;
    %load/v 8, v0115B618_0, 2;
    %and/r 8, 8, 2;
    %jmp/0  T_1.17, 8;
    %mov 9, 1, 1;
    %jmp/1  T_1.19, 8;
T_1.17 ; End of true expr.
    %jmp/0  T_1.18, 8;
 ; End of false expr.
    %blend  9, 0, 1; Condition unknown.
    %jmp  T_1.19;
T_1.18 ;
    %mov 9, 0, 1; Return false value
T_1.19 ;
    %set/v v011514F0_0, 9, 1;
    %load/v 8, v0115B618_0, 2;
    %and/r 8, 8, 2;
    %jmp/0  T_1.20, 8;
    %mov 9, 0, 1;
    %jmp/1  T_1.22, 8;
T_1.20 ; End of true expr.
    %load/v 10, v01151548_0, 1;
    %jmp/0  T_1.21, 8;
 ; End of false expr.
    %blend  9, 10, 1; Condition unknown.
    %jmp  T_1.22;
T_1.21 ;
    %mov 9, 10, 1; Return false value
T_1.22 ;
    %set/v v011917C8_0, 9, 1;
    %jmp T_1.2;
T_1.2 ;
    %jmp T_1;
    .thread T_1, $push;
    .scope S_01158588;
T_2 ;
    %set/v v011B9178_0, 0, 1;
    %set/v v011B8F68_0, 0, 1;
    %set/v v011B91D0_0, 0, 1;
    %movi 8, 5, 4;
    %set/v v011B8D00_0, 8, 4;
    %movi 8, 7, 4;
    %set/v v011B9070_0, 8, 4;
    %delay 200000, 0;
    %vpi_call 2 18 "$finish";
    %end;
    .thread T_2;
    .scope S_01158588;
T_3 ;
    %delay 5000, 0;
    %load/v 8, v011B9178_0, 1;
    %inv 8, 1;
    %set/v v011B9178_0, 8, 1;
    %jmp T_3;
    .thread T_3;
    .scope S_01158588;
T_4 ;
    %delay 10000, 0;
    %set/v v011B91D0_0, 1, 1;
    %set/v v011B8F68_0, 1, 1;
    %delay 10000, 0;
    %set/v v011B91D0_0, 0, 1;
    %end;
    .thread T_4;
    .scope S_01158588;
T_5 ;
    %vpi_call 2 29 "$monitor", "time=%0t valid =%b", $time, v011B9120_0;
    %vpi_call 2 30 "$dumpvars", 1'sb0, S_01158588;
    %vpi_call 2 30 "$dumpfile", "booth.vcd";
    %end;
    .thread T_5;
# The file index is used to find the file name in the following table.
:file_names 4;
    "N/A";
    "<interactive>";
    "boothtest.v";
    "booth.v";
