#! /c/iverilog/bin/vvp
:ivl_version "0.9.7 " "(v0_9_7)";
:vpi_time_precision - 12;
:vpi_module "system";
:vpi_module "v2005_math";
:vpi_module "va_math";
S_011BD538 .scope module, "DUT" "DUT" 2 2;
 .timescale -9 -12;
v011BB6D0_0 .var "clk", 0 0;
v011BB728_0 .var "dr", 4 0;
v011F0DF8_0 .net "rddata1", 31 0, L_011BE918; 1 drivers
v011F0AE0_0 .net "rddata2", 31 0, L_011BEB10; 1 drivers
v011F0B90_0 .var "sr1", 4 0;
v011F0E50_0 .var "sr2", 4 0;
v011F0BE8_0 .var "wrdata", 31 0;
v011F09D8_0 .var "write", 0 0;
S_011BDA00 .scope module, "R1" "regbank" 2 10, 3 2, S_011BD538;
 .timescale -9 -12;
L_011BE918 .functor BUFZ 32, L_011F0EA8, C4<00000000000000000000000000000000>, C4<00000000000000000000000000000000>, C4<00000000000000000000000000000000>;
L_011BEB10 .functor BUFZ 32, L_011F0C40, C4<00000000000000000000000000000000>, C4<00000000000000000000000000000000>, C4<00000000000000000000000000000000>;
v011BEED0_0 .net *"_s0", 31 0, L_011F0EA8; 1 drivers
v011BEF28_0 .net *"_s4", 31 0, L_011F0C40; 1 drivers
v011BEF80_0 .net "clk", 0 0, v011BB6D0_0; 1 drivers
v011F3540_0 .net "dr", 4 0, v011BB728_0; 1 drivers
v011F3598_0 .alias "rddata1", 31 0, v011F0DF8_0;
v011F35F0_0 .alias "rddata2", 31 0, v011F0AE0_0;
v011B14D8 .array "regfile", 0 31, 31 0;
v011B1530_0 .net "sr1", 4 0, v011F0B90_0; 1 drivers
v011B1588_0 .net "sr2", 4 0, v011F0E50_0; 1 drivers
v011B15E0_0 .net "wrdata", 31 0, v011F0BE8_0; 1 drivers
v011BB678_0 .net "write", 0 0, v011F09D8_0; 1 drivers
E_011B8740 .event posedge, v011BEF80_0;
L_011F0EA8 .array/port v011B14D8, v011F0B90_0;
L_011F0C40 .array/port v011B14D8, v011F0E50_0;
    .scope S_011BDA00;
T_0 ;
    %wait E_011B8740;
    %load/v 8, v011BB678_0, 1;
    %jmp/0xz  T_0.0, 8;
    %load/v 8, v011B15E0_0, 32;
    %ix/getv 3, v011F3540_0;
   %jmp/1 t_0, 4;
   %ix/load 1, 0, 0;
   %set/av v011B14D8, 8, 32;
t_0 ;
T_0.0 ;
    %jmp T_0;
    .thread T_0;
    .scope S_011BD538;
T_1 ;
    %delay 5000, 0;
    %load/v 8, v011BB6D0_0, 1;
    %inv 8, 1;
    %set/v v011BB6D0_0, 8, 1;
    %jmp T_1;
    .thread T_1;
    .scope S_011BD538;
T_2 ;
    %set/v v011BB6D0_0, 0, 1;
    %set/v v011F09D8_0, 0, 1;
    %set/v v011F0B90_0, 0, 5;
    %set/v v011F0E50_0, 0, 5;
    %set/v v011BB728_0, 0, 5;
    %set/v v011F0BE8_0, 0, 32;
    %delay 10000, 0;
    %set/v v011F09D8_0, 1, 1;
    %movi 8, 256, 32;
    %set/v v011F0BE8_0, 8, 32;
    %delay 10000, 0;
    %movi 8, 1, 5;
    %set/v v011BB728_0, 8, 5;
    %movi 8, 512, 32;
    %set/v v011F0BE8_0, 8, 32;
    %delay 10000, 0;
    %movi 8, 2, 5;
    %set/v v011BB728_0, 8, 5;
    %movi 8, 768, 32;
    %set/v v011F0BE8_0, 8, 32;
    %delay 10000, 0;
    %movi 8, 3, 5;
    %set/v v011BB728_0, 8, 5;
    %movi 8, 1024, 32;
    %set/v v011F0BE8_0, 8, 32;
    %delay 10000, 0;
    %set/v v011F09D8_0, 0, 1;
    %set/v v011F0B90_0, 0, 5;
    %movi 8, 1, 5;
    %set/v v011F0E50_0, 8, 5;
    %delay 1000, 0;
    %vpi_call 2 44 "$display", "%d", v011F0DF8_0;
    %vpi_call 2 45 "$display", "%d", v011F0AE0_0;
    %delay 10000, 0;
    %movi 8, 2, 5;
    %set/v v011F0B90_0, 8, 5;
    %movi 8, 3, 5;
    %set/v v011F0E50_0, 8, 5;
    %delay 1000, 0;
    %vpi_call 2 52 "$display", "%d", v011F0DF8_0;
    %vpi_call 2 53 "$display", "%d", v011F0AE0_0;
    %delay 10000, 0;
    %vpi_call 2 56 "$finish";
    %end;
    .thread T_2;
    .scope S_011BD538;
T_3 ;
    %vpi_call 2 59 "$dumpvars", 1'sb0, S_011BD538;
    %vpi_call 2 59 "$dumpfile", "dump.vcd";
    %end;
    .thread T_3;
# The file index is used to find the file name in the following table.
:file_names 4;
    "N/A";
    "<interactive>";
    "4_32bitregtest.v";
    "32_32directregbank.v";
