#! /c/iverilog/bin/vvp
:ivl_version "0.9.7 " "(v0_9_7)";
:vpi_time_precision - 12;
:vpi_module "system";
:vpi_module "v2005_math";
:vpi_module "va_math";
S_01211C58 .scope module, "DUT" "DUT" 2 2;
 .timescale -9 -12;
v01221298_0 .net "busy", 0 0, L_01221138; 1 drivers
v01221348_0 .var "clk", 0 0;
v01221190_0 .var "clr", 0 0;
v012213F8_0 .var "data_in", 7 0;
v01221558_0 .net "data_out", 7 0, v01218D10_0; 1 drivers
v012213A0_0 .net "loopback", 0 0, v01220F80_0; 1 drivers
v01221240_0 .net "ready", 0 0, v01221088_0; 1 drivers
v012215B0_0 .var "rst", 0 0;
v012212F0_0 .var "rx_en", 0 0;
v01221450_0 .var "wr_en", 0 0;
E_01213AF0 .event posedge, v01221088_0;
S_01212918 .scope module, "U1" "uart" 2 9, 3 1, S_01211C58;
 .timescale 0 0;
L_01257728 .functor BUFZ 1, v01220F80_0, C4<0>, C4<0>, C4<0>;
v01220690_0 .alias "busy", 0 0, v01221298_0;
v012208A0_0 .net "clk", 0 0, v01221348_0; 1 drivers
v01220E20_0 .net "clr", 0 0, v01221190_0; 1 drivers
v012210E0_0 .net "data_in", 7 0, v012213F8_0; 1 drivers
v01220D18_0 .alias "data_out", 7 0, v01221558_0;
v01220F28_0 .alias "ready", 0 0, v01221240_0;
v01220FD8_0 .net "rst", 0 0, v012215B0_0; 1 drivers
v01220638_0 .alias "rx", 0 0, v012213A0_0;
v01220950_0 .net "rx_en", 0 0, v012212F0_0; 1 drivers
v012209A8_0 .net "rx_enb", 0 0, L_012583E8; 1 drivers
v01220A00_0 .alias "tx", 0 0, v012213A0_0;
v01220AB0_0 .net "tx2", 0 0, L_01257728; 1 drivers
v01220B08_0 .net "tx_enb", 0 0, L_01258650; 1 drivers
v012211E8_0 .net "wr_en", 0 0, v01221450_0; 1 drivers
S_01211F88 .scope module, "trans" "transmitter" 3 14, 4 1, S_01212918;
 .timescale 0 0;
P_012190B4 .param/l "data_state" 4 12, C4<10>;
P_012190C8 .param/l "idle" 4 12, C4<00>;
P_012190DC .param/l "start" 4 12, C4<01>;
P_012190F0 .param/l "stop_state" 4 12, C4<11>;
v01220DC8_0 .net *"_s0", 2 0, L_012214A8; 1 drivers
v01220BB8_0 .net *"_s3", 0 0, C4<0>; 1 drivers
v012206E8_0 .net *"_s4", 2 0, C4<000>; 1 drivers
v01220ED0_0 .alias "busy", 0 0, v01221298_0;
v01220D70_0 .alias "clk", 0 0, v012208A0_0;
v01220A58_0 .var "data", 7 0;
v01221030_0 .alias "data_in", 7 0, v012210E0_0;
v012207F0_0 .var "index", 2 0;
v01220848_0 .alias "rst", 0 0, v01220FD8_0;
v01220CC0_0 .var "state", 1 0;
v01220F80_0 .var "tx", 0 0;
v01220C68_0 .alias "txclk_enb", 0 0, v01220B08_0;
v01220B60_0 .alias "wr_en", 0 0, v012211E8_0;
L_012214A8 .concat [ 2 1 0 0], v01220CC0_0, C4<0>;
L_01221138 .cmp/ne 3, L_012214A8, C4<000>;
S_01211E78 .scope module, "recieve" "receiver" 3 15, 5 1, S_01212918;
 .timescale 0 0;
P_01219054 .param/l "data_state" 5 10, C4<10>;
P_01219068 .param/l "idle" 5 10, C4<00>;
P_0121907C .param/l "start" 5 10, C4<01>;
P_01219090 .param/l "stop_state" 5 10, C4<11>;
v01218CB8_0 .alias "clk", 0 0, v012208A0_0;
v01218BB0_0 .alias "clr", 0 0, v01220E20_0;
v01218840_0 .var "data", 7 0;
v01218D10_0 .var "data_out", 7 0;
v01218D68_0 .var "index", 3 0;
v01221088_0 .var "ready", 0 0;
v01220C10_0 .alias "rx", 0 0, v012213A0_0;
v01220740_0 .alias "rx_en", 0 0, v01220950_0;
v01220798_0 .alias "rxclk_enb", 0 0, v012209A8_0;
v01220E78_0 .var "sample", 3 0;
v012208F8_0 .var "state", 1 0;
S_01212808 .scope module, "bd" "bd_gen" 3 16, 6 1, S_01212918;
 .timescale 0 0;
v01218790_0 .net *"_s0", 13 0, L_01221500; 1 drivers
v01218898_0 .net *"_s10", 0 0, C4<0>; 1 drivers
v01218C60_0 .net *"_s14", 10 0, L_01258498; 1 drivers
v01218E70_0 .net *"_s17", 0 0, C4<0>; 1 drivers
v01218C08_0 .net *"_s18", 10 0, C4<00000000000>; 1 drivers
v01218B58_0 .net *"_s20", 0 0, L_01257CB0; 1 drivers
v012187E8_0 .net *"_s22", 0 0, C4<1>; 1 drivers
v012188F0_0 .net *"_s24", 0 0, C4<0>; 1 drivers
v01218DC0_0 .net *"_s3", 0 0, C4<0>; 1 drivers
v01218AA8_0 .net *"_s4", 13 0, C4<00000000000000>; 1 drivers
v01218A50_0 .net *"_s6", 0 0, L_01258288; 1 drivers
v01218E18_0 .net *"_s8", 0 0, C4<1>; 1 drivers
v01218948_0 .alias "clk", 0 0, v012208A0_0;
v012189A0_0 .var "rx_counter", 9 0;
v012189F8_0 .alias "rx_en", 0 0, v012209A8_0;
v01218B00_0 .var "tx_counter", 12 0;
v01218EC8_0 .alias "tx_en", 0 0, v01220B08_0;
E_01213C90 .event posedge, v01218948_0;
L_01221500 .concat [ 13 1 0 0], v01218B00_0, C4<0>;
L_01258288 .cmp/eq 14, L_01221500, C4<00000000000000>;
L_01258650 .functor MUXZ 1, C4<0>, C4<1>, L_01258288, C4<>;
L_01258498 .concat [ 10 1 0 0], v012189A0_0, C4<0>;
L_01257CB0 .cmp/eq 11, L_01258498, C4<00000000000>;
L_012583E8 .functor MUXZ 1, C4<0>, C4<1>, L_01257CB0, C4<>;
    .scope S_01211F88;
T_0 ;
    %set/v v01220CC0_0, 0, 2;
    %end;
    .thread T_0;
    .scope S_01211F88;
T_1 ;
    %set/v v012207F0_0, 0, 3;
    %end;
    .thread T_1;
    .scope S_01211F88;
T_2 ;
    %set/v v01220F80_0, 1, 1;
    %end;
    .thread T_2;
    .scope S_01211F88;
T_3 ;
    %wait E_01213C90;
    %load/v 8, v01220848_0, 1;
    %inv 8, 1;
    %jmp/0xz  T_3.0, 8;
    %ix/load 0, 1, 0;
    %assign/v0 v01220F80_0, 0, 1;
    %ix/load 0, 2, 0;
    %assign/v0 v01220CC0_0, 0, 0;
    %ix/load 0, 3, 0;
    %assign/v0 v012207F0_0, 0, 0;
    %ix/load 0, 8, 0;
    %assign/v0 v01220A58_0, 0, 0;
    %jmp T_3.1;
T_3.0 ;
    %load/v 8, v01220CC0_0, 2;
    %cmpi/u 8, 0, 2;
    %jmp/1 T_3.2, 6;
    %cmpi/u 8, 1, 2;
    %jmp/1 T_3.3, 6;
    %cmpi/u 8, 2, 2;
    %jmp/1 T_3.4, 6;
    %cmpi/u 8, 3, 2;
    %jmp/1 T_3.5, 6;
    %ix/load 0, 2, 0;
    %assign/v0 v01220CC0_0, 0, 0;
    %jmp T_3.7;
T_3.2 ;
    %load/v 8, v01220B60_0, 1;
    %jmp/0xz  T_3.8, 8;
    %movi 8, 1, 2;
    %ix/load 0, 2, 0;
    %assign/v0 v01220CC0_0, 0, 8;
    %load/v 8, v01221030_0, 8;
    %ix/load 0, 8, 0;
    %assign/v0 v01220A58_0, 0, 8;
    %jmp T_3.9;
T_3.8 ;
    %ix/load 0, 1, 0;
    %assign/v0 v01220F80_0, 0, 1;
T_3.9 ;
    %jmp T_3.7;
T_3.3 ;
    %load/v 8, v01220C68_0, 1;
    %jmp/0xz  T_3.10, 8;
    %ix/load 0, 1, 0;
    %assign/v0 v01220F80_0, 0, 0;
    %movi 8, 2, 2;
    %ix/load 0, 2, 0;
    %assign/v0 v01220CC0_0, 0, 8;
T_3.10 ;
    %jmp T_3.7;
T_3.4 ;
    %load/v 8, v01220C68_0, 1;
    %jmp/0xz  T_3.12, 8;
    %ix/getv 1, v012207F0_0;
    %jmp/1 T_3.14, 4;
    %load/x1p 8, v01220A58_0, 1;
    %jmp T_3.15;
T_3.14 ;
    %mov 8, 2, 1;
T_3.15 ;
; Save base=8 wid=1 in lookaside.
    %ix/load 0, 1, 0;
    %assign/v0 v01220F80_0, 0, 8;
    %ix/load 0, 1, 0;
    %load/vp0 8, v012207F0_0, 3;
    %ix/load 0, 3, 0;
    %assign/v0 v012207F0_0, 0, 8;
    %load/v 8, v012207F0_0, 3;
    %cmpi/u 8, 7, 3;
    %jmp/0xz  T_3.16, 4;
    %ix/load 0, 2, 0;
    %assign/v0 v01220CC0_0, 0, 1;
T_3.16 ;
T_3.12 ;
    %jmp T_3.7;
T_3.5 ;
    %load/v 8, v01220C68_0, 1;
    %jmp/0xz  T_3.18, 8;
    %ix/load 0, 1, 0;
    %assign/v0 v01220F80_0, 0, 1;
    %ix/load 0, 2, 0;
    %assign/v0 v01220CC0_0, 0, 0;
T_3.18 ;
    %jmp T_3.7;
T_3.7 ;
T_3.1 ;
    %jmp T_3;
    .thread T_3;
    .scope S_01211E78;
T_4 ;
    %set/v v01220E78_0, 0, 4;
    %end;
    .thread T_4;
    .scope S_01211E78;
T_5 ;
    %set/v v01218D68_0, 0, 4;
    %end;
    .thread T_5;
    .scope S_01211E78;
T_6 ;
    %set/v v012208F8_0, 0, 2;
    %end;
    .thread T_6;
    .scope S_01211E78;
T_7 ;
    %set/v v01221088_0, 0, 1;
    %end;
    .thread T_7;
    .scope S_01211E78;
T_8 ;
    %wait E_01213C90;
    %load/v 8, v01218BB0_0, 1;
    %jmp/0xz  T_8.0, 8;
    %ix/load 0, 1, 0;
    %assign/v0 v01221088_0, 0, 0;
T_8.0 ;
    %jmp T_8;
    .thread T_8;
    .scope S_01211E78;
T_9 ;
    %wait E_01213C90;
    %load/v 8, v01220798_0, 1;
    %jmp/0xz  T_9.0, 8;
    %load/v 8, v012208F8_0, 2;
    %cmpi/u 8, 0, 2;
    %jmp/1 T_9.2, 6;
    %cmpi/u 8, 1, 2;
    %jmp/1 T_9.3, 6;
    %cmpi/u 8, 2, 2;
    %jmp/1 T_9.4, 6;
    %cmpi/u 8, 3, 2;
    %jmp/1 T_9.5, 6;
    %ix/load 0, 2, 0;
    %assign/v0 v012208F8_0, 0, 0;
    %jmp T_9.7;
T_9.2 ;
    %load/v 8, v01220740_0, 1;
    %jmp/0xz  T_9.8, 8;
    %movi 8, 1, 2;
    %ix/load 0, 2, 0;
    %assign/v0 v012208F8_0, 0, 8;
    %jmp T_9.9;
T_9.8 ;
    %ix/load 0, 1, 0;
    %assign/v0 v01221088_0, 0, 0;
T_9.9 ;
    %jmp T_9.7;
T_9.3 ;
    %load/v 8, v01220E78_0, 4;
    %mov 12, 0, 2;
    %cmpi/u 8, 15, 6;
    %jmp/0xz  T_9.10, 4;
    %movi 8, 2, 2;
    %ix/load 0, 2, 0;
    %assign/v0 v012208F8_0, 0, 8;
    %ix/load 0, 8, 0;
    %assign/v0 v01218840_0, 0, 0;
    %ix/load 0, 4, 0;
    %assign/v0 v01220E78_0, 0, 0;
    %ix/load 0, 4, 0;
    %assign/v0 v01218D68_0, 0, 0;
    %jmp T_9.11;
T_9.10 ;
    %load/v 8, v01220C10_0, 1;
    %inv 8, 1;
    %load/v 9, v01220E78_0, 4;
    %mov 13, 0, 1;
    %cmpi/u 9, 0, 5;
    %inv 4, 1;
    %or 8, 4, 1;
    %jmp/0xz  T_9.12, 8;
    %ix/load 0, 1, 0;
    %load/vp0 8, v01220E78_0, 4;
    %ix/load 0, 4, 0;
    %assign/v0 v01220E78_0, 0, 8;
T_9.12 ;
T_9.11 ;
    %jmp T_9.7;
T_9.4 ;
    %ix/load 0, 1, 0;
    %load/vp0 8, v01220E78_0, 4;
    %ix/load 0, 4, 0;
    %assign/v0 v01220E78_0, 0, 8;
    %load/v 8, v01220E78_0, 4;
    %mov 12, 0, 2;
    %cmpi/u 8, 8, 6;
    %jmp/0xz  T_9.14, 4;
    %load/v 8, v01220C10_0, 1;
    %ix/getv 1, v01218D68_0;
    %jmp/1 t_0, 4;
    %ix/load 0, 1, 0;
    %assign/v0/x1 v01218840_0, 0, 8;
t_0 ;
    %ix/load 0, 1, 0;
    %load/vp0 8, v01218D68_0, 4;
    %ix/load 0, 4, 0;
    %assign/v0 v01218D68_0, 0, 8;
T_9.14 ;
    %load/v 8, v01218D68_0, 4;
    %mov 12, 0, 2;
    %cmpi/u 8, 8, 6;
    %mov 8, 4, 1;
    %load/v 9, v01220E78_0, 4;
    %mov 13, 0, 2;
    %cmpi/u 9, 15, 6;
    %mov 9, 4, 1;
    %and 8, 9, 1;
    %jmp/0xz  T_9.16, 8;
    %ix/load 0, 2, 0;
    %assign/v0 v012208F8_0, 0, 1;
T_9.16 ;
    %jmp T_9.7;
T_9.5 ;
    %load/v 8, v01220C10_0, 1;
    %load/v 9, v01220E78_0, 4;
    %mov 13, 0, 2;
    %cmpi/u 9, 8, 6;
    %mov 9, 4, 1;
    %and 8, 9, 1;
    %jmp/0xz  T_9.18, 8;
    %ix/load 0, 2, 0;
    %assign/v0 v012208F8_0, 0, 0;
    %ix/load 0, 1, 0;
    %assign/v0 v01221088_0, 0, 1;
    %ix/load 0, 4, 0;
    %assign/v0 v01220E78_0, 0, 0;
    %load/v 8, v01218840_0, 8;
    %ix/load 0, 8, 0;
    %assign/v0 v01218D10_0, 0, 8;
    %jmp T_9.19;
T_9.18 ;
    %ix/load 0, 1, 0;
    %load/vp0 8, v01220E78_0, 4;
    %ix/load 0, 4, 0;
    %assign/v0 v01220E78_0, 0, 8;
T_9.19 ;
    %jmp T_9.7;
T_9.7 ;
T_9.0 ;
    %jmp T_9;
    .thread T_9;
    .scope S_01212808;
T_10 ;
    %set/v v01218B00_0, 0, 13;
    %end;
    .thread T_10;
    .scope S_01212808;
T_11 ;
    %set/v v012189A0_0, 0, 10;
    %end;
    .thread T_11;
    .scope S_01212808;
T_12 ;
    %wait E_01213C90;
    %load/v 8, v01218B00_0, 13;
    %mov 21, 0, 2;
    %cmpi/u 8, 5208, 15;
    %jmp/0xz  T_12.0, 4;
    %set/v v01218B00_0, 0, 13;
    %jmp T_12.1;
T_12.0 ;
    %ix/load 0, 1, 0;
    %load/vp0 8, v01218B00_0, 13;
    %ix/load 0, 13, 0;
    %assign/v0 v01218B00_0, 0, 8;
T_12.1 ;
    %jmp T_12;
    .thread T_12;
    .scope S_01212808;
T_13 ;
    %wait E_01213C90;
    %load/v 8, v012189A0_0, 10;
    %mov 18, 0, 1;
    %cmpi/u 8, 325, 11;
    %jmp/0xz  T_13.0, 4;
    %set/v v012189A0_0, 0, 10;
    %jmp T_13.1;
T_13.0 ;
    %ix/load 0, 1, 0;
    %load/vp0 8, v012189A0_0, 10;
    %ix/load 0, 10, 0;
    %assign/v0 v012189A0_0, 0, 8;
T_13.1 ;
    %jmp T_13;
    .thread T_13;
    .scope S_01211C58;
T_14 ;
    %delay 10000, 0;
    %load/v 8, v01221348_0, 1;
    %inv 8, 1;
    %set/v v01221348_0, 8, 1;
    %jmp T_14;
    .thread T_14;
    .scope S_01211C58;
T_15 ;
    %set/v v01221348_0, 0, 1;
    %set/v v012213F8_0, 0, 8;
    %set/v v01221190_0, 0, 1;
    %set/v v012215B0_0, 1, 1;
    %set/v v01221450_0, 1, 1;
    %set/v v012212F0_0, 0, 1;
    %delay 25000, 0;
    %set/v v01221450_0, 0, 1;
    %set/v v012212F0_0, 1, 1;
    %end;
    .thread T_15;
    .scope S_01211C58;
T_16 ;
    %wait E_01213AF0;
    %vpi_call 2 28 "$display", "Time : %d , data received : %d ", $time, v01221558_0;
    %ix/load 0, 1, 0;
    %assign/v0 v01221190_0, 0, 1;
    %delay 20000, 0;
    %ix/load 0, 1, 0;
    %assign/v0 v01221190_0, 0, 0;
    %load/v 8, v01221558_0, 8;
    %load/v 16, v012213F8_0, 8;
    %cmp/u 8, 16, 8;
    %inv 4, 1;
    %jmp/0xz  T_16.0, 4;
    %vpi_call 2 34 "$display", "FAIL : recieved data %d is not same as send data %d", v01221558_0, v012213F8_0;
    %delay 10000, 0;
    %vpi_call 2 35 "$finish";
    %jmp T_16.1;
T_16.0 ;
    %load/v 8, v01221558_0, 8;
    %cmpi/u 8, 4, 8;
    %jmp/0xz  T_16.2, 4;
    %vpi_call 2 39 "$display", "SUCCESS : the data has been correctly recieved";
    %delay 10000000, 0;
    %vpi_call 2 40 "$finish";
T_16.2 ;
    %ix/load 0, 1, 0;
    %assign/v0 v01221450_0, 0, 1;
    %delay 3000, 0;
    %ix/load 0, 1, 0;
    %load/vp0 8, v012213F8_0, 8;
    %ix/load 0, 8, 0;
    %assign/v0 v012213F8_0, 0, 8;
    %delay 17000, 0;
    %ix/load 0, 1, 0;
    %assign/v0 v01221450_0, 0, 0;
T_16.1 ;
    %jmp T_16;
    .thread T_16;
    .scope S_01211C58;
T_17 ;
    %vpi_call 2 52 "$dumpfile", "urt.vcd";
    %vpi_call 2 52 "$dumpvars", 1'sb0, S_01211C58;
    %end;
    .thread T_17;
# The file index is used to find the file name in the following table.
:file_names 7;
    "N/A";
    "<interactive>";
    "uarttest.v";
    "uart.v";
    "transmitter.v";
    "receiver.v";
    "baudegen.v";
